Archive member included to satisfy reference by file (symbol)

E:/software/stm32/ide/STM32CubeIDE_2.1.1/STM32CubeIDE/plugins/com.st.stm32cube.ide.mcu.externaltools.gnu-tools-for-stm32.14.3.rel1.win32_1.0.100.202602081740/tools/bin/../lib/gcc/arm-none-eabi/14.3.1/../../../../arm-none-eabi/lib/thumb/v7e-m+fp/hard\libc_nano.a(libc_a-exit.o)
                              E:/software/stm32/ide/STM32CubeIDE_2.1.1/STM32CubeIDE/plugins/com.st.stm32cube.ide.mcu.externaltools.gnu-tools-for-stm32.14.3.rel1.win32_1.0.100.202602081740/tools/bin/../lib/gcc/arm-none-eabi/14.3.1/../../../../arm-none-eabi/lib/thumb/v7e-m+fp/hard/crt0.o (exit)
E:/software/stm32/ide/STM32CubeIDE_2.1.1/STM32CubeIDE/plugins/com.st.stm32cube.ide.mcu.externaltools.gnu-tools-for-stm32.14.3.rel1.win32_1.0.100.202602081740/tools/bin/../lib/gcc/arm-none-eabi/14.3.1/../../../../arm-none-eabi/lib/thumb/v7e-m+fp/hard\libc_nano.a(libc_a-malloc.o)
                              ./Core/Src/robot.o (malloc)
E:/software/stm32/ide/STM32CubeIDE_2.1.1/STM32CubeIDE/plugins/com.st.stm32cube.ide.mcu.externaltools.gnu-tools-for-stm32.14.3.rel1.win32_1.0.100.202602081740/tools/bin/../lib/gcc/arm-none-eabi/14.3.1/../../../../arm-none-eabi/lib/thumb/v7e-m+fp/hard\libc_nano.a(libc_a-mallocr.o)
                              E:/software/stm32/ide/STM32CubeIDE_2.1.1/STM32CubeIDE/plugins/com.st.stm32cube.ide.mcu.externaltools.gnu-tools-for-stm32.14.3.rel1.win32_1.0.100.202602081740/tools/bin/../lib/gcc/arm-none-eabi/14.3.1/../../../../arm-none-eabi/lib/thumb/v7e-m+fp/hard\libc_nano.a(libc_a-malloc.o) (_malloc_r)
E:/software/stm32/ide/STM32CubeIDE_2.1.1/STM32CubeIDE/plugins/com.st.stm32cube.ide.mcu.externaltools.gnu-tools-for-stm32.14.3.rel1.win32_1.0.100.202602081740/tools/bin/../lib/gcc/arm-none-eabi/14.3.1/../../../../arm-none-eabi/lib/thumb/v7e-m+fp/hard\libc_nano.a(libc_a-mlock.o)
                              E:/software/stm32/ide/STM32CubeIDE_2.1.1/STM32CubeIDE/plugins/com.st.stm32cube.ide.mcu.externaltools.gnu-tools-for-stm32.14.3.rel1.win32_1.0.100.202602081740/tools/bin/../lib/gcc/arm-none-eabi/14.3.1/../../../../arm-none-eabi/lib/thumb/v7e-m+fp/hard\libc_nano.a(libc_a-mallocr.o) (__malloc_lock)
E:/software/stm32/ide/STM32CubeIDE_2.1.1/STM32CubeIDE/plugins/com.st.stm32cube.ide.mcu.externaltools.gnu-tools-for-stm32.14.3.rel1.win32_1.0.100.202602081740/tools/bin/../lib/gcc/arm-none-eabi/14.3.1/../../../../arm-none-eabi/lib/thumb/v7e-m+fp/hard\libc_nano.a(libc_a-nano-vfprintf_float.o)
                              (_printf_float)
E:/software/stm32/ide/STM32CubeIDE_2.1.1/STM32CubeIDE/plugins/com.st.stm32cube.ide.mcu.externaltools.gnu-tools-for-stm32.14.3.rel1.win32_1.0.100.202602081740/tools/bin/../lib/gcc/arm-none-eabi/14.3.1/../../../../arm-none-eabi/lib/thumb/v7e-m+fp/hard\libc_nano.a(libc_a-nano-vfprintf_i.o)
                              E:/software/stm32/ide/STM32CubeIDE_2.1.1/STM32CubeIDE/plugins/com.st.stm32cube.ide.mcu.externaltools.gnu-tools-for-stm32.14.3.rel1.win32_1.0.100.202602081740/tools/bin/../lib/gcc/arm-none-eabi/14.3.1/../../../../arm-none-eabi/lib/thumb/v7e-m+fp/hard\libc_nano.a(libc_a-nano-vfprintf_float.o) (_printf_common)
E:/software/stm32/ide/STM32CubeIDE_2.1.1/STM32CubeIDE/plugins/com.st.stm32cube.ide.mcu.externaltools.gnu-tools-for-stm32.14.3.rel1.win32_1.0.100.202602081740/tools/bin/../lib/gcc/arm-none-eabi/14.3.1/../../../../arm-none-eabi/lib/thumb/v7e-m+fp/hard\libc_nano.a(libc_a-nano-vfscanf_float.o)
                              (_scanf_float)
E:/software/stm32/ide/STM32CubeIDE_2.1.1/STM32CubeIDE/plugins/com.st.stm32cube.ide.mcu.externaltools.gnu-tools-for-stm32.14.3.rel1.win32_1.0.100.202602081740/tools/bin/../lib/gcc/arm-none-eabi/14.3.1/../../../../arm-none-eabi/lib/thumb/v7e-m+fp/hard\libc_nano.a(libc_a-findfp.o)
                              E:/software/stm32/ide/STM32CubeIDE_2.1.1/STM32CubeIDE/plugins/com.st.stm32cube.ide.mcu.externaltools.gnu-tools-for-stm32.14.3.rel1.win32_1.0.100.202602081740/tools/bin/../lib/gcc/arm-none-eabi/14.3.1/../../../../arm-none-eabi/lib/thumb/v7e-m+fp/hard\libc_nano.a(libc_a-exit.o) (__stdio_exit_handler)
E:/software/stm32/ide/STM32CubeIDE_2.1.1/STM32CubeIDE/plugins/com.st.stm32cube.ide.mcu.externaltools.gnu-tools-for-stm32.14.3.rel1.win32_1.0.100.202602081740/tools/bin/../lib/gcc/arm-none-eabi/14.3.1/../../../../arm-none-eabi/lib/thumb/v7e-m+fp/hard\libc_nano.a(libc_a-fwalk.o)
                              E:/software/stm32/ide/STM32CubeIDE_2.1.1/STM32CubeIDE/plugins/com.st.stm32cube.ide.mcu.externaltools.gnu-tools-for-stm32.14.3.rel1.win32_1.0.100.202602081740/tools/bin/../lib/gcc/arm-none-eabi/14.3.1/../../../../arm-none-eabi/lib/thumb/v7e-m+fp/hard\libc_nano.a(libc_a-findfp.o) (_fwalk_sglue)
E:/software/stm32/ide/STM32CubeIDE_2.1.1/STM32CubeIDE/plugins/com.st.stm32cube.ide.mcu.externaltools.gnu-tools-for-stm32.14.3.rel1.win32_1.0.100.202602081740/tools/bin/../lib/gcc/arm-none-eabi/14.3.1/../../../../arm-none-eabi/lib/thumb/v7e-m+fp/hard\libc_nano.a(libc_a-sprintf.o)
[...]
Memory Configuration

Name             Origin             Length             Attributes
CCMRAM           0x10000000         0x00010000         xrw
RAM              0x20000000         0x00020000         xrw
FLASH            0x08000000         0x00080000         xr
*default*        0x00000000         0xffffffff

Linker script and memory map

LOAD E:/software/stm32/ide/STM32CubeIDE_2.1.1/STM32CubeIDE/plugins/com.st.stm32cube.ide.mcu.externaltools.gnu-tools-for-stm32.14.3.rel1.win32_1.0.100.202602081740/tools/bin/../lib/gcc/arm-none-eabi/14.3.1/thumb/v7e-m+fp/hard/crti.o
LOAD E:/software/stm32/ide/STM32CubeIDE_2.1.1/STM32CubeIDE/plugins/com.st.stm32cube.ide.mcu.externaltools.gnu-tools-for-stm32.14.3.rel1.win32_1.0.100.202602081740/tools/bin/../lib/gcc/arm-none-eabi/14.3.1/thumb/v7e-m+fp/hard/crtbegin.o
LOAD E:/software/stm32/ide/STM32CubeIDE_2.1.1/STM32CubeIDE/plugins/com.st.stm32cube.ide.mcu.externaltools.gnu-tools-for-stm32.14.3.rel1.win32_1.0.100.202602081740/tools/bin/../lib/gcc/arm-none-eabi/14.3.1/../../../../arm-none-eabi/lib/thumb/v7e-m+fp/hard/crt0.o
LOAD ./Core/Src/Emm_V5.o
LOAD ./Core/Src/can.o
LOAD ./Core/Src/freertos.o
LOAD ./Core/Src/gpio.o
LOAD ./Core/Src/main.o
LOAD ./Core/Src/mg996r.o
LOAD ./Core/Src/robot.o
LOAD ./Core/Src/robot_cmd.o
LOAD ./Core/Src/robot_kinematics.o
LOAD ./Core/Src/stm32f4xx_hal_msp.o
LOAD ./Core/Src/stm32f4xx_hal_timebase_tim.o
LOAD ./Core/Src/stm32f4xx_it.o
LOAD ./Core/Src/syscalls.o
LOAD ./Core/Src/sysmem.o
LOAD ./Core/Src/system_stm32f4xx.o
LOAD ./Core/Src/tim.o
LOAD ./Core/Src/usart.o
LOAD ./Core/Startup/startup_stm32f407vetx.o
LOAD ./Drivers/STM32F4xx_HAL_Driver/Src/stm32f4xx_hal.o
LOAD ./Drivers/STM32F4xx_HAL_Driver/Src/stm32f4xx_hal_can.o
LOAD ./Drivers/STM32F4xx_HAL_Driver/Src/stm32f4xx_hal_cortex.o
LOAD ./Drivers/STM32F4xx_HAL_Driver/Src/stm32f4xx_hal_dma.o
LOAD ./Drivers/STM32F4xx_HAL_Driver/Src/stm32f4xx_hal_dma_ex.o
LOAD ./Drivers/STM32F4xx_HAL_Driver/Src/stm32f4xx_hal_exti.o
LOAD ./Drivers/STM32F4xx_HAL_Driver/Src/stm32f4xx_hal_flash.o
LOAD ./Drivers/STM32F4xx_HAL_Driver/Src/stm32f4xx_hal_flash_ex.o
LOAD ./Drivers/STM32F4xx_HAL_Driver/Src/stm32f4xx_hal_flash_ramfunc.o
LOAD ./Drivers/STM32F4xx_HAL_Driver/Src/stm32f4xx_hal_gpio.o
LOAD ./Drivers/STM32F4xx_HAL_Driver/Src/stm32f4xx_hal_pwr.o
LOAD ./Drivers/STM32F4xx_HAL_Driver/Src/stm32f4xx_hal_pwr_ex.o
LOAD ./Drivers/STM32F4xx_HAL_Driver/Src/stm32f4xx_hal_rcc.o
LOAD ./Drivers/STM32F4xx_HAL_Driver/Src/stm32f4xx_hal_rcc_ex.o
LOAD ./Drivers/STM32F4xx_HAL_Driver/Src/stm32f4xx_hal_tim.o
LOAD ./Drivers/STM32F4xx_HAL_Driver/Src/stm32f4xx_hal_tim_ex.o
LOAD ./Drivers/STM32F4xx_HAL_Driver/Src/stm32f4xx_hal_uart.o
LOAD ./Middlewares/Third_Party/FreeRTOS/Source/CMSIS_RTOS_V2/cmsis_os2.o
LOAD ./Middlewares/Third_Party/FreeRTOS/Source/croutine.o
LOAD ./Middlewares/Third_Party/FreeRTOS/Source/event_groups.o
LOAD ./Middlewares/Third_Party/FreeRTOS/Source/list.o
LOAD ./Middlewares/Third_Party/FreeRTOS/Source/queue.o
LOAD ./Middlewares/Third_Party/FreeRTOS/Source/stream_buffer.o
LOAD ./Middlewares/Third_Party/FreeRTOS/Source/tasks.o
LOAD ./Middlewares/Third_Party/FreeRTOS/Source/timers.o
LOAD ./Middlewares/Third_Party/FreeRTOS/Source/portable/GCC/ARM_CM4F/port.o
LOAD ./Middlewares/Third_Party/FreeRTOS/Source/portable/MemMang/heap_4.o
START GROUP
LOAD E:/software/stm32/ide/STM32CubeIDE_2.1.1/STM32CubeIDE/plugins/com.st.stm32cube.ide.mcu.externaltools.gnu-tools-for-stm32.14.3.rel1.win32_1.0.100.202602081740/tools/bin/../lib/gcc/arm-none-eabi/14.3.1/../../../../arm-none-eabi/lib/thumb/v7e-m+fp/hard\libc_nano.a
LOAD E:/software/stm32/ide/STM32CubeIDE_2.1.1/STM32CubeIDE/plugins/com.st.stm32cube.ide.mcu.externaltools.gnu-tools-for-stm32.14.3.rel1.win32_1.0.100.202602081740/tools/bin/../lib/gcc/arm-none-eabi/14.3.1/../../../../arm-none-eabi/lib/thumb/v7e-m+fp/hard\libm.a
END GROUP
START GROUP
LOAD E:/software/stm32/ide/STM32CubeIDE_2.1.1/STM32CubeIDE/plugins/com.st.stm32cube.ide.mcu.externaltools.gnu-tools-for-stm32.14.3.rel1.win32_1.0.100.202602081740/tools/bin/../lib/gcc/arm-none-eabi/14.3.1/thumb/v7e-m+fp/hard\libgcc.a
LOAD E:/software/stm32/ide/STM32CubeIDE_2.1.1/STM32CubeIDE/plugins/com.st.stm32cube.ide.mcu.externaltools.gnu-tools-for-stm32.14.3.rel1.win32_1.0.100.202602081740/tools/bin/../lib/gcc/arm-none-eabi/14.3.1/../../../../arm-none-eabi/lib/thumb/v7e-m+fp/hard\libc_nano.a
END GROUP
START GROUP
LOAD E:/software/stm32/ide/STM32CubeIDE_2.1.1/STM32CubeIDE/plugins/com.st.stm32cube.ide.mcu.externaltools.gnu-tools-for-stm32.14.3.rel1.win32_1.0.100.202602081740/tools/bin/../lib/gcc/arm-none-eabi/14.3.1/thumb/v7e-m+fp/hard\libgcc.a
LOAD E:/software/stm32/ide/STM32CubeIDE_2.1.1/STM32CubeIDE/plugins/com.st.stm32cube.ide.mcu.externaltools.gnu-tools-for-stm32.14.3.rel1.win32_1.0.100.202602081740/tools/bin/../lib/gcc/arm-none-eabi/14.3.1/../../../../arm-none-eabi/lib/thumb/v7e-m+fp/hard\libc_nano.a
LOAD E:/software/stm32/ide/STM32CubeIDE_2.1.1/STM32CubeIDE/plugins/com.st.stm32cube.ide.mcu.externaltools.gnu-tools-for-stm32.14.3.rel1.win32_1.0.100.202602081740/tools/bin/../lib/gcc/arm-none-eabi/14.3.1/../../../../arm-none-eabi/lib/thumb/v7e-m+fp/hard\libnosys.a
END GROUP
START GROUP
LOAD E:/software/stm32/ide/STM32CubeIDE_2.1.1/STM32CubeIDE/plugins/com.st.stm32cube.ide.mcu.externaltools.gnu-tools-for-stm32.14.3.rel1.win32_1.0.100.202602081740/tools/bin/../lib/gcc/arm-none-eabi/14.3.1/thumb/v7e-m+fp/hard\libgcc.a
LOAD E:/software/stm32/ide/STM32CubeIDE_2.1.1/STM32CubeIDE/plugins/com.st.stm32cube.ide.mcu.externaltools.gnu-tools-for-stm32.14.3.rel1.win32_1.0.100.202602081740/tools/bin/../lib/gcc/arm-none-eabi/14.3.1/../../../../arm-none-eabi/lib/thumb/v7e-m+fp/hard\libc_nano.a
LOAD E:/software/stm32/ide/STM32CubeIDE_2.1.1/STM32CubeIDE/plugins/com.st.stm32cube.ide.mcu.externaltools.gnu-tools-for-stm32.14.3.rel1.win32_1.0.100.202602081740/tools/bin/../lib/gcc/arm-none-eabi/14.3.1/../../../../arm-none-eabi/lib/thumb/v7e-m+fp/hard\libnosys.a
END GROUP
LOAD E:/software/stm32/ide/STM32CubeIDE_2.1.1/STM32CubeIDE/plugins/com.st.stm32cube.ide.mcu.externaltools.gnu-tools-for-stm32.14.3.rel1.win32_1.0.100.202602081740/tools/bin/../lib/gcc/arm-none-eabi/14.3.1/thumb/v7e-m+fp/hard/crtend.o
LOAD E:/software/stm32/ide/STM32CubeIDE_2.1.1/STM32CubeIDE/plugins/com.st.stm32cube.ide.mcu.externaltools.gnu-tools-for-stm32.14.3.rel1.win32_1.0.100.202602081740/tools/bin/../lib/gcc/arm-none-eabi/14.3.1/thumb/v7e-m+fp/hard/crtn.o
                0x20020000                        _estack = (ORIGIN (RAM) + LENGTH (RAM))
                0x00000200                        _Min_Heap_Size = 0x200
                0x00000400                        _Min_Stack_Size = 0x400

.isr_vector     0x08000000      0x188
                0x08000000                        . = ALIGN (0x4)
 *(.isr_vector)
 .isr_vector    0x08000000      0x188 ./Core/Startup/startup_stm32f407vetx.o
                0x08000000                g_pfnVectors
                0x08000188                        . = ALIGN (0x4)

.text           0x08000190    0x171bc
                0x08000190                        . = ALIGN (0x4)
 *(.text)
 .text          0x08000190       0x40 E:/software/stm32/ide/STM32CubeIDE_2.1.1/STM32CubeIDE/plugins/com.st.stm32cube.ide.mcu.externaltools.gnu-tools-for-stm32.14.3.rel1.win32_1.0.100.202602081740/tools/bin/../lib/gcc/arm-none-eabi/14.3.1/thumb/v7e-m+fp/hard/crtbegin.o
 .text          0x080001d0       0x14 E:/software/stm32/ide/STM32CubeIDE_2.1.1/STM32CubeIDE/plugins/com.st.stm32cube.ide.mcu.externaltools.gnu-tools-for-stm32.14.3.rel1.win32_1.0.100.202602081740/tools/bin/../lib/gcc/arm-none-eabi/14.3.1/../../../../arm-none-eabi/lib/thumb/v7e-m+fp/hard\libc_nano.a(libc_a-strcmp.o)
                0x080001d0                strcmp
 *fill*         0x080001e4        0xc 
 .text          0x080001f0       0xa0 E:/software/stm32/ide/STM32CubeIDE_2.1.1/STM32CubeIDE/plugins/com.st.stm32cube.ide.mcu.externaltools.gnu-tools-for-stm32.14.3.rel1.win32_1.0.100.202602081740/tools/bin/../lib/gcc/arm-none-eabi/14.3.1/../../../../arm-none-eabi/lib/thumb/v7e-m+fp/hard\libc_nano.a(libc_a-memchr.o)
                0x080001f0                memchr
 .text          0x08000290       0x10 E:/software/stm32/ide/STM32CubeIDE_2.1.1/STM32CubeIDE/plugins/com.st.stm32cube.ide.mcu.externaltools.gnu-tools-for-stm32.14.3.rel1.win32_1.0.100.202602081740/tools/bin/../lib/gcc/arm-none-eabi/14.3.1/../../../../arm-none-eabi/lib/thumb/v7e-m+fp/hard\libc_nano.a(libc_a-strlen.o)
                0x08000290                strlen
 .text          0x080002a0      0x378 E:/software/stm32/ide/STM32CubeIDE_2.1.1/STM32CubeIDE/plugins/com.st.stm32cube.ide.mcu.externaltools.gnu-tools-for-stm32.14.3.rel1.win32_1.0.100.202602081740/tools/bin/../lib/gcc/arm-none-eabi/14.3.1/thumb/v7e-m+fp/hard\libgcc.a(_arm_addsubdf3.o)
                0x080002a0                __aeabi_drsub
                0x080002a8                __aeabi_dsub
                0x080002a8                __subdf3
                0x080002ac                __aeabi_dadd
                0x080002ac                __adddf3
                0x08000524                __floatunsidf
                0x08000524                __aeabi_ui2d
                0x08000544                __floatsidf
                0x08000544                __aeabi_i2d
                0x08000568                __aeabi_f2d
                0x08000568                __extendsfdf2
                0x080005ac                __floatundidf
                0x080005ac                __aeabi_ul2d
                0x080005bc                __floatdidf
                0x080005bc                __aeabi_l2d
 .text          0x08000618      0x424 E:/software/stm32/ide/STM32CubeIDE_2.1.1/STM32CubeIDE/plugins/com.st.stm32cube.ide.mcu.externaltools.gnu-tools-for-stm32.14.3.rel1.win32_1.0.100.202602081740/tools/bin/../lib/gcc/arm-none-eabi/14.3.1/thumb/v7e-m+fp/hard\libgcc.a(_arm_muldivdf3.o)
                0x08000618                __aeabi_dmul
                0x08000618                __muldf3
                0x0800086c                __divdf3
                0x0800086c                __aeabi_ddiv
 .text          0x08000a3c      0x110 E:/software/stm32/ide/STM32CubeIDE_2.1.1/STM32CubeIDE/plugins/com.st.stm32cube.ide.mcu.externaltools.gnu-tools-for-stm32.14.3.rel1.win32_1.0.100.202602081740/tools/bin/../lib/gcc/arm-none-eabi/14.3.1/thumb/v7e-m+fp/hard\libgcc.a(_arm_cmpdf2.o)
                0x08000a3c                __gtdf2
                0x08000a3c                __gedf2
                0x08000a44                __ltdf2
                0x08000a44                __ledf2
                0x08000a4c                __nedf2
                0x08000a4c                __eqdf2
                0x08000a4c                __cmpdf2
                0x08000ac8                __aeabi_cdrcmple
                0x08000ad8                __aeabi_cdcmpeq
                0x08000ad8                __aeabi_cdcmple
                0x08000ae8                __aeabi_dcmpeq
                0x08000afc                __aeabi_dcmplt
                0x08000b10                __aeabi_dcmple
                0x08000b24                __aeabi_dcmpge
                0x08000b38                __aeabi_dcmpgt
 .text          0x08000b4c       0x2c E:/software/stm32/ide/STM32CubeIDE_2.1.1/STM32CubeIDE/plugins/com.st.stm32cube.ide.mcu.externaltools.gnu-tools-for-stm32.14.3.rel1.win32_1.0.100.202602081740/tools/bin/../lib/gcc/arm-none-eabi/14.3.1/thumb/v7e-m+fp/hard\libgcc.a(_arm_unorddf2.o)
                0x08000b4c                __unorddf2
                0x08000b4c                __aeabi_dcmpun
 .text          0x08000b78       0x50 E:/software/stm32/ide/STM32CubeIDE_2.1.1/STM32CubeIDE/plugins/com.st.stm32cube.ide.mcu.externaltools.gnu-tools-for-stm32.14.3.rel1.win32_1.0.100.202602081740/tools/bin/../lib/gcc/arm-none-eabi/14.3.1/thumb/v7e-m+fp/hard\libgcc.a(_arm_fixdfsi.o)
                0x08000b78                __aeabi_d2iz
                0x08000b78                __fixdfsi
 .text          0x08000bc8       0x40 E:/software/stm32/ide/STM32CubeIDE_2.1.1/STM32CubeIDE/plugins/com.st.stm32cube.ide.mcu.externaltools.gnu-tools-for-stm32.14.3.rel1.win32_1.0.100.202602081740/tools/bin/../lib/gcc/arm-none-eabi/14.3.1/thumb/v7e-m+fp/hard\libgcc.a(_arm_fixunsdfsi.o)
                0x08000bc8                __aeabi_d2uiz
                0x08000bc8                __fixunsdfsi
 .text          0x08000c08       0xa0 E:/software/stm32/ide/STM32CubeIDE_2.1.1/STM32CubeIDE/plugins/com.st.stm32cube.ide.mcu.externaltools.gnu-tools-for-stm32.14.3.rel1.win32_1.0.100.202602081740/tools/bin/../lib/gcc/arm-none-eabi/14.3.1/thumb/v7e-m+fp/hard\libgcc.a(_arm_truncdfsf2.o)
                0x08000c08                __truncdfsf2
                0x08000c08                __aeabi_d2f
 .text          0x08000ca8       0x30 E:/software/stm32/ide/STM32CubeIDE_2.1.1/STM32CubeIDE/plugins/com.st.stm32cube.ide.mcu.externaltools.gnu-tools-for-stm32.14.3.rel1.win32_1.0.100.202602081740/tools/bin/../lib/gcc/arm-none-eabi/14.3.1/thumb/v7e-m+fp/hard\libgcc.a(_aeabi_uldivmod.o)
                0x08000ca8                __aeabi_uldivmod
 .text          0x08000cd8       0x30 E:/software/stm32/ide/STM32CubeIDE_2.1.1/STM32CubeIDE/plugins/com.st.stm32cube.ide.mcu.externaltools.gnu-tools-for-stm32.14.3.rel1.win32_1.0.100.202602081740/tools/bin/../lib/gcc/arm-none-eabi/14.3.1/thumb/v7e-m+fp/hard\libgcc.a(_fixdfdi.o)
                0x08000cd8                __fixdfdi
                0x08000cd8                __aeabi_d2lz
 .text          0x08000d08       0x3c E:/software/stm32/ide/STM32CubeIDE_2.1.1/STM32CubeIDE/plugins/com.st.stm32cube.ide.mcu.externaltools.gnu-tools-for-stm32.14.3.rel1.win32_1.0.100.202602081740/tools/bin/../lib/gcc/arm-none-eabi/14.3.1/thumb/v7e-m+fp/hard\libgcc.a(_fixunsdfdi.o)
                0x08000d08                __fixunsdfdi
                0x08000d08                __aeabi_d2ulz
 .text          0x08000d44      0x2f8 E:/software/stm32/ide/STM32CubeIDE_2.1.1/STM32CubeIDE/plugins/com.st.stm32cube.ide.mcu.externaltools.gnu-tools-for-stm32.14.3.rel1.win32_1.0.100.202602081740/tools/bin/../lib/gcc/arm-none-eabi/14.3.1/thumb/v7e-m+fp/hard\libgcc.a(_udivmoddi4.o)
                0x08000d44                __udivmoddi4
 .text          0x0800103c        0x4 E:/software/stm32/ide/STM32CubeIDE_2.1.1/STM32CubeIDE/plugins/com.st.stm32cube.ide.mcu.externaltools.gnu-tools-for-stm32.14.3.rel1.win32_1.0.100.202602081740/tools/bin/../lib/gcc/arm-none-eabi/14.3.1/thumb/v7e-m+fp/hard\libgcc.a(_dvmd_tls.o)
                0x0800103c                __aeabi_idiv0
                0x0800103c                __aeabi_ldiv0
 *(.text*)
 .text.Emm_V5_Reset_CurPos_To_Zero
                0x08001040       0x3c ./Core/Src/Emm_V5.o
                0x08001040                Emm_V5_Reset_CurPos_To_Zero
 .text.Emm_V5_Read_Sys_Params
                0x0800107c      0x1f0 ./Core/Src/Emm_V5.o
                0x0800107c                Emm_V5_Read_Sys_Params
 .text.Emm_V5_Vel_Control
                0x0800126c       0x6a ./Core/Src/Emm_V5.o
                0x0800126c                Emm_V5_Vel_Control
 .text.Emm_V5_Pos_Control
                0x080012d6       0x8e ./Core/Src/Emm_V5.o
                0x080012d6                Emm_V5_Pos_Control
 .text.Emm_V5_Stop_Now
                0x08001364       0x46 ./Core/Src/Emm_V5.o
                0x08001364                Emm_V5_Stop_Now
 .text.Emm_V5_Origin_Set_O
                0x080013aa       0x46 ./Core/Src/Emm_V5.o
                0x080013aa                Emm_V5_Origin_Set_O
 .text.Emm_V5_Origin_Trigger_Return
                0x080013f0       0x48 ./Core/Src/Emm_V5.o
                0x080013f0                Emm_V5_Origin_Trigger_Return
 .text.MX_CAN1_Init
                0x08001438       0x6c ./Core/Src/can.o
                0x08001438                MX_CAN1_Init
 .text.HAL_CAN_MspInit
                0x080014a4       0xb0 ./Core/Src/can.o
                0x080014a4                HAL_CAN_MspInit
 .text.USER_CAN1_Filter_Init
                0x08001554       0x94 ./Core/Src/can.o
                0x08001554                USER_CAN1_Filter_Init
 .text.can_SendCmd
                0x080015e8      0x154 ./Core/Src/can.o
                0x080015e8                can_SendCmd
 .text.HAL_CAN_RxFifo0MsgPendingCallback
                0x0800173c       0x90 ./Core/Src/can.o
                0x0800173c                HAL_CAN_RxFifo0MsgPendingCallback
 .text.MX_FREERTOS_Init
                0x080017cc       0x24 ./Core/Src/freertos.o
                0x080017cc                MX_FREERTOS_Init
 .text.StartDefaultTask
                0x080017f0       0x14 ./Core/Src/freertos.o
                0x080017f0                StartDefaultTask
 .text.MX_GPIO_Init
                0x08001804       0x6c ./Core/Src/gpio.o
                0x08001804                MX_GPIO_Init
 .text.main     0x08001870       0x70 ./Core/Src/main.o
                0x08001870                main
 .text.SystemClock_Config
                0x080018e0       0xd4 ./Core/Src/main.o
                0x080018e0                SystemClock_Config
 .text.HAL_TIM_PeriodElapsedCallback
                0x080019b4       0x24 ./Core/Src/main.o
                0x080019b4                HAL_TIM_PeriodElapsedCallback
 .text.Error_Handler
                0x080019d8        0xc ./Core/Src/main.o
                0x080019d8                Error_Handler
 .text.MG996R_AngleToCCR
                0x080019e4       0xb8 ./Core/Src/mg996r.o
 .text.MG996R_CCRToAngle
                0x08001a9c       0x88 ./Core/Src/mg996r.o
 .text.MG996R_Init
                0x08001b24       0x60 ./Core/Src/mg996r.o
                0x08001b24                MG996R_Init
 .text.MG996R_SetAngle
                0x08001b84       0x84 ./Core/Src/mg996r.o
                0x08001b84                MG996R_SetAngle
 .text.MG996R_GetAngle
                0x08001c08       0x50 ./Core/Src/mg996r.o
                0x08001c08                MG996R_GetAngle
 .text.MG996R_MoveTo
                0x08001c58      0x118 ./Core/Src/mg996r.o
                0x08001c58                MG996R_MoveTo
 .text.robot_joint_limit_post_handle
                0x08001d70       0x48 ./Core/Src/robot.o
 .text.robot_joint_veloccity_to
                0x08001db8      0x114 ./Core/Src/robot.o
                0x08001db8                robot_joint_veloccity_to
 .text.robot_joint_rotate_to
                0x08001ecc      0x25c ./Core/Src/robot.o
                0x08001ecc                robot_joint_rotate_to
 .text.robot_angle_map
                0x08002128      0x138 ./Core/Src/robot.o
 .text.robot_joint_soft_reset
                0x08002260      0x22c ./Core/Src/robot.o
 .text.robot_time_func_path_interpolation
                0x0800248c       0xf8 ./Core/Src/robot.o
 .text.robot_time_func_move
                0x08002584      0x24c ./Core/Src/robot.o
 .text.robot_auto_move_interpolation
                0x080027d0      0x224 ./Core/Src/robot.o
 .text.robot_angle_normalize
                0x080029f4       0x40 ./Core/Src/robot.o
 .text.robot_angle_diff
                0x08002a34       0x84 ./Core/Src/robot.o
 .text.robot_pid_run
                0x08002ab8      0x1a8 ./Core/Src/robot.o
 .text.robot_joints_sync_to
                0x08002c60       0x68 ./Core/Src/robot.o
 .text.robot_control_task
                0x08002cc8      0x24c ./Core/Src/robot.o
 .text.robot_pid_one_period
                0x08002f14      0x164 ./Core/Src/robot.o
 .text.robot_pid_remote
                0x08003078      0x2e0 ./Core/Src/robot.o
 .text.robot_init
                0x08003358      0x11c ./Core/Src/robot.o
                0x08003358                robot_init
 .text.robot_send_rel_rotate_event
                0x08003474       0x50 ./Core/Src/robot.o
                0x08003474                robot_send_rel_rotate_event
 .text.robot_send_remote_event
                0x080034c4       0x3c ./Core/Src/robot.o
                0x080034c4                robot_send_remote_event
 .text.robot_send_get_eepose_event
                0x08003500       0x3c ./Core/Src/robot.o
                0x08003500                robot_send_get_eepose_event
 .text.robot_send_set_joints_event
                0x0800353c       0x50 ./Core/Src/robot.o
                0x0800353c                robot_send_set_joints_event
 .text.robot_send_get_ik_solution_event
                0x0800358c       0x7c ./Core/Src/robot.o
                0x0800358c                robot_send_get_ik_solution_event
 .text.robot_send_mg996r_set_angle_event
                0x08003608       0x58 ./Core/Src/robot.o
                0x08003608                robot_send_mg996r_set_angle_event
 .text.robot_send_mg996r_get_angle_event
                0x08003660       0x3c ./Core/Src/robot.o
                0x08003660                robot_send_mg996r_get_angle_event
 .text.robot_send_reset_event
                0x0800369c       0x50 ./Core/Src/robot.o
                0x0800369c                robot_send_reset_event
 .text.robot_cmd_send_from_isr
                0x080036ec       0x70 ./Core/Src/robot.o
                0x080036ec                robot_cmd_send_from_isr
 .text.robot_cmd_service
                0x0800375c       0x4c ./Core/Src/robot.o
                0x0800375c                robot_cmd_service
 .text.robot_path_interpolation_linear
                0x080037a8      0x228 ./Core/Src/robot.o
 .text.robot_update_current_angle
                0x080039d0      0x18c ./Core/Src/robot.o
                0x080039d0                robot_update_current_angle
 .text.robot_joint_stop
                0x08003b5c       0x94 ./Core/Src/robot.o
 .text.robot_kinematics_verify
                0x08003bf0      0x2f8 ./Core/Src/robot.o
                0x08003bf0                robot_kinematics_verify
 .text.robot_get_eepose
                0x08003ee8      0x308 ./Core/Src/robot.o
                0x08003ee8                robot_get_eepose
 .text.robot_set_joints_execute
                0x080041f0      0x1fc ./Core/Src/robot.o
                0x080041f0                robot_set_joints_execute
 *fill*         0x080043ec        0x4 
 .text.robot_solve_ik
                0x080043f0      0x384 ./Core/Src/robot.o
                0x080043f0                robot_solve_ik
 .text.robot_mg996r_set_angle_execute
                0x08004774       0xa4 ./Core/Src/robot.o
                0x08004774                robot_mg996r_set_angle_execute
 .text.robot_mg996r_get_angle_execute
                0x08004818       0x40 ./Core/Src/robot.o
                0x08004818                robot_mg996r_get_angle_execute
 .text.time_func_circle
                0x08004858      0x160 ./Core/Src/robot.o
 .text.robot_abs_zero_handle
                0x080049b8       0x44 ./Core/Src/robot_cmd.o
 .text.robot_abs_restore_handle
                0x080049fc       0x48 ./Core/Src/robot_cmd.o
 .text.robot_remote_enable_handle
                0x08004a44       0x30 ./Core/Src/robot_cmd.o
 .text.robot_remote_disable_handle
                0x08004a74       0x2c ./Core/Src/robot_cmd.o
 .text.robot_rel_rotate_handle
                0x08004aa0       0x38 ./Core/Src/robot_cmd.o
 .text.robot_soft_reset_handle
                0x08004ad8       0x18 ./Core/Src/robot_cmd.o
 .text.robot_remote_event_handle
                0x08004af0       0xd0 ./Core/Src/robot_cmd.o
 .text.robot_zero_handle
                0x08004bc0       0x44 ./Core/Src/robot_cmd.o
 .text.robot_kin_verify_handle
                0x08004c04       0x16 ./Core/Src/robot_cmd.o
 *fill*         0x08004c1a        0x2 
 .text.robot_set_joints_handle
                0x08004c1c       0xbc ./Core/Src/robot_cmd.o
 .text.robot_get_joints_handle
                0x08004cd8       0x84 ./Core/Src/robot_cmd.o
 .text.robot_get_eepose_handle
                0x08004d5c       0x16 ./Core/Src/robot_cmd.o
 *fill*         0x08004d72        0x2 
 .text.robot_fk_handle
                0x08004d74       0xac ./Core/Src/robot_cmd.o
 .text.robot_mg996r_set_angle_handle
                0x08004e20       0x80 ./Core/Src/robot_cmd.o
 .text.robot_mg996r_get_angle_handle
                0x08004ea0       0x20 ./Core/Src/robot_cmd.o
 .text.robot_get_ik_solution_handle
                0x08004ec0       0x8c ./Core/Src/robot_cmd.o
 .text.robot_uart1_handle
                0x08004f4c      0x11c ./Core/Src/robot_cmd.o
                0x08004f4c                robot_uart1_handle
 .text.robot_kinematics_calc_theta3
                0x08005068      0x644 ./Core/Src/robot_kinematics.o
 *fill*         0x080056ac        0x4 
 .text.__robot_kinematics_calc_theta2
                0x080056b0      0x2a8 ./Core/Src/robot_kinematics.o
 .text.robot_kinematics_calc_theta2
                0x08005958       0x70 ./Core/Src/robot_kinematics.o
 .text.__robot_kinematics_calc_theta1
                0x080059c8      0x2a8 ./Core/Src/robot_kinematics.o
 .text.robot_kinematics_calc_theta1
                0x08005c70       0x74 ./Core/Src/robot_kinematics.o
 *fill*         0x08005ce4        0x4 
 .text.__robot_kinematics_calc_theta5
                0x08005ce8      0x408 ./Core/Src/robot_kinematics.o
 .text.robot_kinematics_calc_theta5
                0x080060f0       0x8c ./Core/Src/robot_kinematics.o
 *fill*         0x0800617c        0x4 
 .text.__robot_kinematics_calc_theta4
                0x08006180      0x428 ./Core/Src/robot_kinematics.o
 .text.robot_kinematics_calc_theta4
                0x080065a8       0xa4 ./Core/Src/robot_kinematics.o
 *fill*         0x0800664c        0x4 
 .text.__robot_kinematics_calc_theta6
                0x08006650      0x538 ./Core/Src/robot_kinematics.o
 .text.robot_kinematics_calc_theta6
                0x08006b88       0xbc ./Core/Src/robot_kinematics.o
 .text.robot_kinematics_calc
                0x08006c44       0x2c ./Core/Src/robot_kinematics.o
 .text.robot_kinematics_show_result
                0x08006c70       0x98 ./Core/Src/robot_kinematics.o
                0x08006c70                robot_kinematics_show_result
 .text.radians_to_degrees_minus180_180
                0x08006d08      0x130 ./Core/Src/robot_kinematics.o
 .text.robot_kinematics_radians_to_degrees
                0x08006e38       0x78 ./Core/Src/robot_kinematics.o
 .text.robot_kinematics_get_optimal_result
                0x08006eb0      0x19c ./Core/Src/robot_kinematics.o
 *fill*         0x0800704c        0x4 
 .text.robot_kinematics_joint_angle_map
                0x08007050       0xb8 ./Core/Src/robot_kinematics.o
 .text.robot_kinematics_joint_angle_update
                0x08007108       0x20 ./Core/Src/robot_kinematics.o
                0x08007108                robot_kinematics_joint_angle_update
 .text.robot_kinematics_joint_angle_update_by_id
                0x08007128       0x34 ./Core/Src/robot_kinematics.o
                0x08007128                robot_kinematics_joint_angle_update_by_id
 .text.robot_kinematics_inverse
                0x0800715c       0xf8 ./Core/Src/robot_kinematics.o
                0x0800715c                robot_kinematics_inverse
 .text.robot_kinematics_cal_T
                0x08007254       0x68 ./Core/Src/robot_kinematics.o
                0x08007254                robot_kinematics_cal_T
 .text.robot_kinematics_forward
                0x080072bc      0x658 ./Core/Src/robot_kinematics.o
                0x080072bc                robot_kinematics_forward
 .text.HAL_MspInit
                0x08007914       0x58 ./Core/Src/stm32f4xx_hal_msp.o
                0x08007914                HAL_MspInit
 .text.HAL_InitTick
                0x0800796c       0xe8 ./Core/Src/stm32f4xx_hal_timebase_tim.o
                0x0800796c                HAL_InitTick
 .text.NMI_Handler
                0x08007a54        0x8 ./Core/Src/stm32f4xx_it.o
                0x08007a54                NMI_Handler
 .text.HardFault_Handler
                0x08007a5c        0x8 ./Core/Src/stm32f4xx_it.o
                0x08007a5c                HardFault_Handler
 .text.MemManage_Handler
                0x08007a64        0x8 ./Core/Src/stm32f4xx_it.o
                0x08007a64                MemManage_Handler
 .text.BusFault_Handler
                0x08007a6c        0x8 ./Core/Src/stm32f4xx_it.o
                0x08007a6c                BusFault_Handler
 .text.UsageFault_Handler
                0x08007a74        0x8 ./Core/Src/stm32f4xx_it.o
                0x08007a74                UsageFault_Handler
 .text.DebugMon_Handler
                0x08007a7c        0xe ./Core/Src/stm32f4xx_it.o
                0x08007a7c                DebugMon_Handler
 *fill*         0x08007a8a        0x2 
 .text.CAN1_RX0_IRQHandler
                0x08007a8c       0x14 ./Core/Src/stm32f4xx_it.o
                0x08007a8c                CAN1_RX0_IRQHandler
 .text.CAN1_RX1_IRQHandler
                0x08007aa0       0x14 ./Core/Src/stm32f4xx_it.o
                0x08007aa0                CAN1_RX1_IRQHandler
 .text.TIM1_UP_TIM10_IRQHandler
                0x08007ab4       0x14 ./Core/Src/stm32f4xx_it.o
                0x08007ab4                TIM1_UP_TIM10_IRQHandler
 .text.USART1_IRQHandler
                0x08007ac8       0x14 ./Core/Src/stm32f4xx_it.o
                0x08007ac8                USART1_IRQHandler
 .text._getpid  0x08007adc       0x10 ./Core/Src/syscalls.o
                0x08007adc                _getpid
 .text._kill    0x08007aec       0x20 ./Core/Src/syscalls.o
                0x08007aec                _kill
 .text._exit    0x08007b0c       0x16 ./Core/Src/syscalls.o
                0x08007b0c                _exit
 .text._read    0x08007b22       0x3a ./Core/Src/syscalls.o
                0x08007b22                _read
 .text._write   0x08007b5c       0x38 ./Core/Src/syscalls.o
                0x08007b5c                _write
 .text._close   0x08007b94       0x18 ./Core/Src/syscalls.o
                0x08007b94                _close
 .text._fstat   0x08007bac       0x20 ./Core/Src/syscalls.o
                0x08007bac                _fstat
 .text._isatty  0x08007bcc       0x16 ./Core/Src/syscalls.o
                0x08007bcc                _isatty
 .text._lseek   0x08007be2       0x1a ./Core/Src/syscalls.o
                0x08007be2                _lseek
 .text._sbrk    0x08007bfc       0x6c ./Core/Src/sysmem.o
                0x08007bfc                _sbrk
 .text.SystemInit
                0x08007c68       0x24 ./Core/Src/system_stm32f4xx.o
                0x08007c68                SystemInit
 .text.MX_TIM3_Init
                0x08007c8c       0xec ./Core/Src/tim.o
                0x08007c8c                MX_TIM3_Init
 .text.HAL_TIM_Base_MspInit
                0x08007d78       0x44 ./Core/Src/tim.o
                0x08007d78                HAL_TIM_Base_MspInit
 .text.HAL_TIM_MspPostInit
                0x08007dbc       0x74 ./Core/Src/tim.o
                0x08007dbc                HAL_TIM_MspPostInit
 .text.MX_USART1_UART_Init
                0x08007e30       0x60 ./Core/Src/usart.o
                0x08007e30                MX_USART1_UART_Init
 .text.HAL_UART_MspInit
                0x08007e90       0xa0 ./Core/Src/usart.o
                0x08007e90                HAL_UART_MspInit
 .text.HAL_UART_RxCpltCallback
                0x08007f30       0x7c ./Core/Src/usart.o
                0x08007f30                HAL_UART_RxCpltCallback
 .text.safe_printf
                0x08007fac       0x54 ./Core/Src/usart.o
                0x08007fac                safe_printf
 .text.safe_printf_from_isr
                0x08008000       0x80 ./Core/Src/usart.o
                0x08008000                safe_printf_from_isr
 .text.Reset_Handler
                0x08008080       0x50 ./Core/Startup/startup_stm32f407vetx.o
                0x08008080                Reset_Handler
 .text.Default_Handler
                0x080080d0        0x2 ./Core/Startup/startup_stm32f407vetx.o
                0x080080d0                RTC_Alarm_IRQHandler
                0x080080d0                HASH_RNG_IRQHandler
                0x080080d0                EXTI2_IRQHandler
                0x080080d0                TIM8_CC_IRQHandler
                0x080080d0                TIM1_CC_IRQHandler
                0x080080d0                DMA2_Stream5_IRQHandler
                0x080080d0                DMA1_Stream5_IRQHandler
                0x080080d0                PVD_IRQHandler
                0x080080d0                SDIO_IRQHandler
                0x080080d0                TAMP_STAMP_IRQHandler
                0x080080d0                CAN2_RX1_IRQHandler
                0x080080d0                EXTI3_IRQHandler
                0x080080d0                TIM8_TRG_COM_TIM14_IRQHandler
                0x080080d0                TIM8_UP_TIM13_IRQHandler
                0x080080d0                I2C3_ER_IRQHandler
                0x080080d0                EXTI0_IRQHandler
                0x080080d0                I2C2_EV_IRQHandler
                0x080080d0                DMA1_Stream2_IRQHandler
                0x080080d0                FPU_IRQHandler
                0x080080d0                OTG_HS_WKUP_IRQHandler
                0x080080d0                CAN2_SCE_IRQHandler
                0x080080d0                DMA2_Stream2_IRQHandler
                0x080080d0                SPI1_IRQHandler
                0x080080d0                TIM6_DAC_IRQHandler
                0x080080d0                TIM1_BRK_TIM9_IRQHandler
                0x080080d0                DCMI_IRQHandler
                0x080080d0                CAN2_RX0_IRQHandler
                0x080080d0                DMA2_Stream3_IRQHandler
                0x080080d0                USART6_IRQHandler
                0x080080d0                USART3_IRQHandler
                0x080080d0                UART5_IRQHandler
                0x080080d0                DMA2_Stream0_IRQHandler
                0x080080d0                TIM4_IRQHandler
                0x080080d0                I2C1_EV_IRQHandler
                0x080080d0                DMA1_Stream6_IRQHandler
                0x080080d0                DMA1_Stream1_IRQHandler
                0x080080d0                UART4_IRQHandler
                0x080080d0                TIM3_IRQHandler
                0x080080d0                RCC_IRQHandler
                0x080080d0                TIM8_BRK_TIM12_IRQHandler
                0x080080d0                Default_Handler
                0x080080d0                EXTI15_10_IRQHandler
                0x080080d0                ADC_IRQHandler
                0x080080d0                DMA1_Stream7_IRQHandler
                0x080080d0                TIM7_IRQHandler
                0x080080d0                CAN2_TX_IRQHandler
                0x080080d0                TIM5_IRQHandler
                0x080080d0                DMA2_Stream7_IRQHandler
                0x080080d0                I2C3_EV_IRQHandler
                0x080080d0                EXTI9_5_IRQHandler
                0x080080d0                RTC_WKUP_IRQHandler
                0x080080d0                ETH_WKUP_IRQHandler
                0x080080d0                SPI2_IRQHandler
                0x080080d0                OTG_HS_EP1_IN_IRQHandler
                0x080080d0                DMA1_Stream0_IRQHandler
                0x080080d0                CAN1_TX_IRQHandler
                0x080080d0                EXTI4_IRQHandler
                0x080080d0                FSMC_IRQHandler
                0x080080d0                ETH_IRQHandler
                0x080080d0                OTG_HS_EP1_OUT_IRQHandler
                0x080080d0                WWDG_IRQHandler
                0x080080d0                TIM2_IRQHandler
                0x080080d0                OTG_FS_WKUP_IRQHandler
                0x080080d0                TIM1_TRG_COM_TIM11_IRQHandler
                0x080080d0                OTG_HS_IRQHandler
                0x080080d0                EXTI1_IRQHandler
                0x080080d0                USART2_IRQHandler
                0x080080d0                I2C2_ER_IRQHandler
                0x080080d0                DMA2_Stream1_IRQHandler
                0x080080d0                CAN1_SCE_IRQHandler
                0x080080d0                FLASH_IRQHandler
                0x080080d0                DMA2_Stream4_IRQHandler
                0x080080d0                OTG_FS_IRQHandler
                0x080080d0                SPI3_IRQHandler
                0x080080d0                DMA1_Stream4_IRQHandler
                0x080080d0                I2C1_ER_IRQHandler
                0x080080d0                DMA2_Stream6_IRQHandler
                0x080080d0                DMA1_Stream3_IRQHandler
 *fill*         0x080080d2        0x2 
 .text.HAL_Init
                0x080080d4       0x44 ./Drivers/STM32F4xx_HAL_Driver/Src/stm32f4xx_hal.o
                0x080080d4                HAL_Init
 .text.HAL_IncTick
                0x08008118       0x28 ./Drivers/STM32F4xx_HAL_Driver/Src/stm32f4xx_hal.o
                0x08008118                HAL_IncTick
 .text.HAL_GetTick
                0x08008140       0x18 ./Drivers/STM32F4xx_HAL_Driver/Src/stm32f4xx_hal.o
                0x08008140                HAL_GetTick
 .text.HAL_Delay
                0x08008158       0x48 ./Drivers/STM32F4xx_HAL_Driver/Src/stm32f4xx_hal.o
                0x08008158                HAL_Delay
 .text.HAL_CAN_Init
                0x080081a0      0x1f6 ./Drivers/STM32F4xx_HAL_Driver/Src/stm32f4xx_hal_can.o
                0x080081a0                HAL_CAN_Init
 *fill*         0x08008396        0x2 
 .text.HAL_CAN_ConfigFilter
                0x08008398      0x1bc ./Drivers/STM32F4xx_HAL_Driver/Src/stm32f4xx_hal_can.o
                0x08008398                HAL_CAN_ConfigFilter
 .text.HAL_CAN_Start
                0x08008554       0x88 ./Drivers/STM32F4xx_HAL_Driver/Src/stm32f4xx_hal_can.o
                0x08008554                HAL_CAN_Start
 .text.HAL_CAN_AddTxMessage
                0x080085dc      0x1a0 ./Drivers/STM32F4xx_HAL_Driver/Src/stm32f4xx_hal_can.o
                0x080085dc                HAL_CAN_AddTxMessage
 .text.HAL_CAN_GetRxMessage
                0x0800877c      0x244 ./Drivers/STM32F4xx_HAL_Driver/Src/stm32f4xx_hal_can.o
                0x0800877c                HAL_CAN_GetRxMessage
 .text.HAL_CAN_ActivateNotification
                0x080089c0       0x4c ./Drivers/STM32F4xx_HAL_Driver/Src/stm32f4xx_hal_can.o
                0x080089c0                HAL_CAN_ActivateNotification
 .text.HAL_CAN_IRQHandler
                0x08008a0c      0x36e ./Drivers/STM32F4xx_HAL_Driver/Src/stm32f4xx_hal_can.o
                0x08008a0c                HAL_CAN_IRQHandler
 .text.HAL_CAN_TxMailbox0CompleteCallback
                0x08008d7a       0x14 ./Drivers/STM32F4xx_HAL_Driver/Src/stm32f4xx_hal_can.o
                0x08008d7a                HAL_CAN_TxMailbox0CompleteCallback
 .text.HAL_CAN_TxMailbox1CompleteCallback
                0x08008d8e       0x14 ./Drivers/STM32F4xx_HAL_Driver/Src/stm32f4xx_hal_can.o
                0x08008d8e                HAL_CAN_TxMailbox1CompleteCallback
 .text.HAL_CAN_TxMailbox2CompleteCallback
                0x08008da2       0x14 ./Drivers/STM32F4xx_HAL_Driver/Src/stm32f4xx_hal_can.o
                0x08008da2                HAL_CAN_TxMailbox2CompleteCallback
 .text.HAL_CAN_TxMailbox0AbortCallback
                0x08008db6       0x14 ./Drivers/STM32F4xx_HAL_Driver/Src/stm32f4xx_hal_can.o
                0x08008db6                HAL_CAN_TxMailbox0AbortCallback
 .text.HAL_CAN_TxMailbox1AbortCallback
                0x08008dca       0x14 ./Drivers/STM32F4xx_HAL_Driver/Src/stm32f4xx_hal_can.o
                0x08008dca                HAL_CAN_TxMailbox1AbortCallback
 .text.HAL_CAN_TxMailbox2AbortCallback
                0x08008dde       0x14 ./Drivers/STM32F4xx_HAL_Driver/Src/stm32f4xx_hal_can.o
                0x08008dde                HAL_CAN_TxMailbox2AbortCallback
 .text.HAL_CAN_RxFifo0FullCallback
                0x08008df2       0x14 ./Drivers/STM32F4xx_HAL_Driver/Src/stm32f4xx_hal_can.o
                0x08008df2                HAL_CAN_RxFifo0FullCallback
 .text.HAL_CAN_RxFifo1MsgPendingCallback
                0x08008e06       0x14 ./Drivers/STM32F4xx_HAL_Driver/Src/stm32f4xx_hal_can.o
                0x08008e06                HAL_CAN_RxFifo1MsgPendingCallback
 .text.HAL_CAN_RxFifo1FullCallback
                0x08008e1a       0x14 ./Drivers/STM32F4xx_HAL_Driver/Src/stm32f4xx_hal_can.o
                0x08008e1a                HAL_CAN_RxFifo1FullCallback
 .text.HAL_CAN_SleepCallback
                0x08008e2e       0x14 ./Drivers/STM32F4xx_HAL_Driver/Src/stm32f4xx_hal_can.o
                0x08008e2e                HAL_CAN_SleepCallback
 .text.HAL_CAN_WakeUpFromRxMsgCallback
                0x08008e42       0x14 ./Drivers/STM32F4xx_HAL_Driver/Src/stm32f4xx_hal_can.o
                0x08008e42                HAL_CAN_WakeUpFromRxMsgCallback
 .text.HAL_CAN_ErrorCallback
                0x08008e56       0x14 ./Drivers/STM32F4xx_HAL_Driver/Src/stm32f4xx_hal_can.o
                0x08008e56                HAL_CAN_ErrorCallback
 *fill*         0x08008e6a        0x2 
 .text.__NVIC_SetPriorityGrouping
                0x08008e6c       0x48 ./Drivers/STM32F4xx_HAL_Driver/Src/stm32f4xx_hal_cortex.o
 .text.__NVIC_GetPriorityGrouping
                0x08008eb4       0x1c ./Drivers/STM32F4xx_HAL_Driver/Src/stm32f4xx_hal_cortex.o
 .text.__NVIC_EnableIRQ
                0x08008ed0       0x3c ./Drivers/STM32F4xx_HAL_Driver/Src/stm32f4xx_hal_cortex.o
 .text.__NVIC_SetPriority
                0x08008f0c       0x54 ./Drivers/STM32F4xx_HAL_Driver/Src/stm32f4xx_hal_cortex.o
 .text.NVIC_EncodePriority
                0x08008f60       0x66 ./Drivers/STM32F4xx_HAL_Driver/Src/stm32f4xx_hal_cortex.o
 .text.HAL_NVIC_SetPriorityGrouping
                0x08008fc6       0x16 ./Drivers/STM32F4xx_HAL_Driver/Src/stm32f4xx_hal_cortex.o
                0x08008fc6                HAL_NVIC_SetPriorityGrouping
 .text.HAL_NVIC_SetPriority
                0x08008fdc       0x38 ./Drivers/STM32F4xx_HAL_Driver/Src/stm32f4xx_hal_cortex.o
                0x08008fdc                HAL_NVIC_SetPriority
 .text.HAL_NVIC_EnableIRQ
                0x08009014       0x1c ./Drivers/STM32F4xx_HAL_Driver/Src/stm32f4xx_hal_cortex.o
                0x08009014                HAL_NVIC_EnableIRQ
 .text.HAL_DMA_Abort
                0x08009030       0xe0 ./Drivers/STM32F4xx_HAL_Driver/Src/stm32f4xx_hal_dma.o
                0x08009030                HAL_DMA_Abort
 .text.HAL_DMA_Abort_IT
                0x08009110       0x44 ./Drivers/STM32F4xx_HAL_Driver/Src/stm32f4xx_hal_dma.o
                0x08009110                HAL_DMA_Abort_IT
 .text.HAL_GPIO_Init
                0x08009154      0x338 ./Drivers/STM32F4xx_HAL_Driver/Src/stm32f4xx_hal_gpio.o
                0x08009154                HAL_GPIO_Init
 .text.HAL_RCC_OscConfig
                0x0800948c      0x4f0 ./Drivers/STM32F4xx_HAL_Driver/Src/stm32f4xx_hal_rcc.o
                0x0800948c                HAL_RCC_OscConfig
 .text.HAL_RCC_ClockConfig
                0x0800997c      0x1cc ./Drivers/STM32F4xx_HAL_Driver/Src/stm32f4xx_hal_rcc.o
                0x0800997c                HAL_RCC_ClockConfig
 .text.HAL_RCC_GetSysClockFreq
                0x08009b48      0x20c ./Drivers/STM32F4xx_HAL_Driver/Src/stm32f4xx_hal_rcc.o
                0x08009b48                HAL_RCC_GetSysClockFreq
 .text.HAL_RCC_GetHCLKFreq
                0x08009d54       0x18 ./Drivers/STM32F4xx_HAL_Driver/Src/stm32f4xx_hal_rcc.o
                0x08009d54                HAL_RCC_GetHCLKFreq
 .text.HAL_RCC_GetPCLK1Freq
                0x08009d6c       0x28 ./Drivers/STM32F4xx_HAL_Driver/Src/stm32f4xx_hal_rcc.o
                0x08009d6c                HAL_RCC_GetPCLK1Freq
 .text.HAL_RCC_GetPCLK2Freq
                0x08009d94       0x28 ./Drivers/STM32F4xx_HAL_Driver/Src/stm32f4xx_hal_rcc.o
                0x08009d94                HAL_RCC_GetPCLK2Freq
 .text.HAL_RCC_GetClockConfig
                0x08009dbc       0x64 ./Drivers/STM32F4xx_HAL_Driver/Src/stm32f4xx_hal_rcc.o
                0x08009dbc                HAL_RCC_GetClockConfig
 .text.HAL_TIM_Base_Init
                0x08009e20       0x9e ./Drivers/STM32F4xx_HAL_Driver/Src/stm32f4xx_hal_tim.o
                0x08009e20                HAL_TIM_Base_Init
 *fill*         0x08009ebe        0x2 
 .text.HAL_TIM_Base_Start_IT
                0x08009ec0       0xe0 ./Drivers/STM32F4xx_HAL_Driver/Src/stm32f4xx_hal_tim.o
                0x08009ec0                HAL_TIM_Base_Start_IT
 .text.HAL_TIM_PWM_Init
                0x08009fa0       0x9e ./Drivers/STM32F4xx_HAL_Driver/Src/stm32f4xx_hal_tim.o
                0x08009fa0                HAL_TIM_PWM_Init
 .text.HAL_TIM_PWM_MspInit
                0x0800a03e       0x14 ./Drivers/STM32F4xx_HAL_Driver/Src/stm32f4xx_hal_tim.o
                0x0800a03e                HAL_TIM_PWM_MspInit
 *fill*         0x0800a052        0x2 
 .text.HAL_TIM_PWM_Start
                0x0800a054      0x190 ./Drivers/STM32F4xx_HAL_Driver/Src/stm32f4xx_hal_tim.o
                0x0800a054                HAL_TIM_PWM_Start
 .text.HAL_TIM_IRQHandler
                0x0800a1e4      0x1e0 ./Drivers/STM32F4xx_HAL_Driver/Src/stm32f4xx_hal_tim.o
                0x0800a1e4                HAL_TIM_IRQHandler
 .text.HAL_TIM_PWM_ConfigChannel
                0x0800a3c4      0x184 ./Drivers/STM32F4xx_HAL_Driver/Src/stm32f4xx_hal_tim.o
                0x0800a3c4                HAL_TIM_PWM_ConfigChannel
 .text.HAL_TIM_ConfigClockSource
                0x0800a548      0x18e ./Drivers/STM32F4xx_HAL_Driver/Src/stm32f4xx_hal_tim.o
                0x0800a548                HAL_TIM_ConfigClockSource
 .text.HAL_TIM_OC_DelayElapsedCallback
                0x0800a6d6       0x14 ./Drivers/STM32F4xx_HAL_Driver/Src/stm32f4xx_hal_tim.o
                0x0800a6d6                HAL_TIM_OC_DelayElapsedCallback
 .text.HAL_TIM_IC_CaptureCallback
                0x0800a6ea       0x14 ./Drivers/STM32F4xx_HAL_Driver/Src/stm32f4xx_hal_tim.o
                0x0800a6ea                HAL_TIM_IC_CaptureCallback
 .text.HAL_TIM_PWM_PulseFinishedCallback
                0x0800a6fe       0x14 ./Drivers/STM32F4xx_HAL_Driver/Src/stm32f4xx_hal_tim.o
                0x0800a6fe                HAL_TIM_PWM_PulseFinishedCallback
 .text.HAL_TIM_TriggerCallback
                0x0800a712       0x14 ./Drivers/STM32F4xx_HAL_Driver/Src/stm32f4xx_hal_tim.o
                0x0800a712                HAL_TIM_TriggerCallback
 *fill*         0x0800a726        0x2 
 .text.TIM_Base_SetConfig
                0x0800a728      0x14c ./Drivers/STM32F4xx_HAL_Driver/Src/stm32f4xx_hal_tim.o
                0x0800a728                TIM_Base_SetConfig
 .text.TIM_OC1_SetConfig
                0x0800a874       0xe0 ./Drivers/STM32F4xx_HAL_Driver/Src/stm32f4xx_hal_tim.o
 .text.TIM_OC2_SetConfig
                0x0800a954       0xec ./Drivers/STM32F4xx_HAL_Driver/Src/stm32f4xx_hal_tim.o
                0x0800a954                TIM_OC2_SetConfig
 .text.TIM_OC3_SetConfig
                0x0800aa40       0xe8 ./Drivers/STM32F4xx_HAL_Driver/Src/stm32f4xx_hal_tim.o
 .text.TIM_OC4_SetConfig
                0x0800ab28       0xac ./Drivers/STM32F4xx_HAL_Driver/Src/stm32f4xx_hal_tim.o
 .text.TIM_TI1_ConfigInputStage
                0x0800abd4       0x5e ./Drivers/STM32F4xx_HAL_Driver/Src/stm32f4xx_hal_tim.o
 .text.TIM_TI2_ConfigInputStage
                0x0800ac32       0x60 ./Drivers/STM32F4xx_HAL_Driver/Src/stm32f4xx_hal_tim.o
 .text.TIM_ITRx_SetConfig
                0x0800ac92       0x36 ./Drivers/STM32F4xx_HAL_Driver/Src/stm32f4xx_hal_tim.o
 .text.TIM_ETR_SetConfig
                0x0800acc8       0x40 ./Drivers/STM32F4xx_HAL_Driver/Src/stm32f4xx_hal_tim.o
                0x0800acc8                TIM_ETR_SetConfig
 .text.TIM_CCxChannelCmd
                0x0800ad08       0x4a ./Drivers/STM32F4xx_HAL_Driver/Src/stm32f4xx_hal_tim.o
                0x0800ad08                TIM_CCxChannelCmd
 *fill*         0x0800ad52        0x2 
 .text.HAL_TIMEx_MasterConfigSynchronization
                0x0800ad54       0xf8 ./Drivers/STM32F4xx_HAL_Driver/Src/stm32f4xx_hal_tim_ex.o
                0x0800ad54                HAL_TIMEx_MasterConfigSynchronization
 .text.HAL_TIMEx_CommutCallback
                0x0800ae4c       0x14 ./Drivers/STM32F4xx_HAL_Driver/Src/stm32f4xx_hal_tim_ex.o
                0x0800ae4c                HAL_TIMEx_CommutCallback
 .text.HAL_TIMEx_BreakCallback
                0x0800ae60       0x14 ./Drivers/STM32F4xx_HAL_Driver/Src/stm32f4xx_hal_tim_ex.o
                0x0800ae60                HAL_TIMEx_BreakCallback
 .text.HAL_UART_Init
                0x0800ae74       0xa0 ./Drivers/STM32F4xx_HAL_Driver/Src/stm32f4xx_hal_uart.o
                0x0800ae74                HAL_UART_Init
 .text.HAL_UART_Transmit
                0x0800af14      0x116 ./Drivers/STM32F4xx_HAL_Driver/Src/stm32f4xx_hal_uart.o
                0x0800af14                HAL_UART_Transmit
 .text.HAL_UART_Receive_IT
                0x0800b02a       0x4a ./Drivers/STM32F4xx_HAL_Driver/Src/stm32f4xx_hal_uart.o
                0x0800b02a                HAL_UART_Receive_IT
 .text.HAL_UART_IRQHandler
                0x0800b074      0x554 ./Drivers/STM32F4xx_HAL_Driver/Src/stm32f4xx_hal_uart.o
                0x0800b074                HAL_UART_IRQHandler
 .text.HAL_UART_TxCpltCallback
                0x0800b5c8       0x14 ./Drivers/STM32F4xx_HAL_Driver/Src/stm32f4xx_hal_uart.o
                0x0800b5c8                HAL_UART_TxCpltCallback
 .text.HAL_UART_ErrorCallback
                0x0800b5dc       0x14 ./Drivers/STM32F4xx_HAL_Driver/Src/stm32f4xx_hal_uart.o
                0x0800b5dc                HAL_UART_ErrorCallback
 .text.HAL_UARTEx_RxEventCallback
                0x0800b5f0       0x18 ./Drivers/STM32F4xx_HAL_Driver/Src/stm32f4xx_hal_uart.o
                0x0800b5f0                HAL_UARTEx_RxEventCallback
 .text.UART_WaitOnFlagUntilTimeout
                0x0800b608       0xb2 ./Drivers/STM32F4xx_HAL_Driver/Src/stm32f4xx_hal_uart.o
 .text.UART_Start_Receive_IT
                0x0800b6ba       0x74 ./Drivers/STM32F4xx_HAL_Driver/Src/stm32f4xx_hal_uart.o
                0x0800b6ba                UART_Start_Receive_IT
 .text.UART_EndRxTransfer
                0x0800b72e       0xc6 ./Drivers/STM32F4xx_HAL_Driver/Src/stm32f4xx_hal_uart.o
 .text.UART_DMAAbortOnError
                0x0800b7f4       0x22 ./Drivers/STM32F4xx_HAL_Driver/Src/stm32f4xx_hal_uart.o
 .text.UART_Transmit_IT
                0x0800b816       0xa0 ./Drivers/STM32F4xx_HAL_Driver/Src/stm32f4xx_hal_uart.o
 .text.UART_EndTransmit_IT
                0x0800b8b6       0x30 ./Drivers/STM32F4xx_HAL_Driver/Src/stm32f4xx_hal_uart.o
 .text.UART_Receive_IT
                0x0800b8e6      0x17c ./Drivers/STM32F4xx_HAL_Driver/Src/stm32f4xx_hal_uart.o
 *fill*         0x0800ba62        0x2 
 .text.UART_SetConfig
                0x0800ba64      0x4e8 ./Drivers/STM32F4xx_HAL_Driver/Src/stm32f4xx_hal_uart.o
 .text.__NVIC_SetPriority
                0x0800bf4c       0x54 ./Middlewares/Third_Party/FreeRTOS/Source/CMSIS_RTOS_V2/cmsis_os2.o
 .text.SysTick_Handler
                0x0800bfa0       0x20 ./Middlewares/Third_Party/FreeRTOS/Source/CMSIS_RTOS_V2/cmsis_os2.o
                0x0800bfa0                SysTick_Handler
 .text.SVC_Setup
                0x0800bfc0       0x12 ./Middlewares/Third_Party/FreeRTOS/Source/CMSIS_RTOS_V2/cmsis_os2.o
 *fill*         0x0800bfd2        0x2 
 .text.osKernelInitialize
                0x0800bfd4       0x48 ./Middlewares/Third_Party/FreeRTOS/Source/CMSIS_RTOS_V2/cmsis_os2.o
                0x0800bfd4                osKernelInitialize
 .text.osKernelStart
                0x0800c01c       0x4c ./Middlewares/Third_Party/FreeRTOS/Source/CMSIS_RTOS_V2/cmsis_os2.o
                0x0800c01c                osKernelStart
 .text.osThreadNew
                0x0800c068      0x124 ./Middlewares/Third_Party/FreeRTOS/Source/CMSIS_RTOS_V2/cmsis_os2.o
                0x0800c068                osThreadNew
 .text.osDelay  0x0800c18c       0x36 ./Middlewares/Third_Party/FreeRTOS/Source/CMSIS_RTOS_V2/cmsis_os2.o
                0x0800c18c                osDelay
 *fill*         0x0800c1c2        0x2 
 .text.vApplicationGetIdleTaskMemory
                0x0800c1c4       0x34 ./Middlewares/Third_Party/FreeRTOS/Source/CMSIS_RTOS_V2/cmsis_os2.o
                0x0800c1c4                vApplicationGetIdleTaskMemory
 .text.vApplicationGetTimerTaskMemory
                0x0800c1f8       0x34 ./Middlewares/Third_Party/FreeRTOS/Source/CMSIS_RTOS_V2/cmsis_os2.o
                0x0800c1f8                vApplicationGetTimerTaskMemory
 .text.vListInitialise
                0x0800c22c       0x40 ./Middlewares/Third_Party/FreeRTOS/Source/list.o
                0x0800c22c                vListInitialise
 .text.vListInitialiseItem
                0x0800c26c       0x1a ./Middlewares/Third_Party/FreeRTOS/Source/list.o
                0x0800c26c                vListInitialiseItem
 .text.vListInsertEnd
                0x0800c286       0x48 ./Middlewares/Third_Party/FreeRTOS/Source/list.o
                0x0800c286                vListInsertEnd
 .text.vListInsert
                0x0800c2ce       0x72 ./Middlewares/Third_Party/FreeRTOS/Source/list.o
                0x0800c2ce                vListInsert
 .text.uxListRemove
                0x0800c340       0x54 ./Middlewares/Third_Party/FreeRTOS/Source/list.o
                0x0800c340                uxListRemove
 .text.xQueueGenericReset
                0x0800c394       0xd4 ./Middlewares/Third_Party/FreeRTOS/Source/queue.o
                0x0800c394                xQueueGenericReset
 .text.xQueueGenericCreateStatic
                0x0800c468       0xfa ./Middlewares/Third_Party/FreeRTOS/Source/queue.o
                0x0800c468                xQueueGenericCreateStatic
 .text.xQueueGenericCreate
                0x0800c562       0x76 ./Middlewares/Third_Party/FreeRTOS/Source/queue.o
                0x0800c562                xQueueGenericCreate
 .text.prvInitialiseNewQueue
                0x0800c5d8       0x46 ./Middlewares/Third_Party/FreeRTOS/Source/queue.o
 *fill*         0x0800c61e        0x2 
 .text.xQueueGenericSend
                0x0800c620      0x204 ./Middlewares/Third_Party/FreeRTOS/Source/queue.o
                0x0800c620                xQueueGenericSend
 .text.xQueueGenericSendFromISR
                0x0800c824      0x13c ./Middlewares/Third_Party/FreeRTOS/Source/queue.o
                0x0800c824                xQueueGenericSendFromISR
 .text.xQueueReceive
                0x0800c960      0x1c4 ./Middlewares/Third_Party/FreeRTOS/Source/queue.o
                0x0800c960                xQueueReceive
 .text.prvCopyDataToQueue
                0x0800cb24       0xd4 ./Middlewares/Third_Party/FreeRTOS/Source/queue.o
 .text.prvCopyDataFromQueue
                0x0800cbf8       0x4c ./Middlewares/Third_Party/FreeRTOS/Source/queue.o
 .text.prvUnlockQueue
                0x0800cc44       0xa4 ./Middlewares/Third_Party/FreeRTOS/Source/queue.o
 .text.prvIsQueueEmpty
                0x0800cce8       0x2c ./Middlewares/Third_Party/FreeRTOS/Source/queue.o
 .text.prvIsQueueFull
                0x0800cd14       0x30 ./Middlewares/Third_Party/FreeRTOS/Source/queue.o
 .text.vQueueAddToRegistry
                0x0800cd44       0x54 ./Middlewares/Third_Party/FreeRTOS/Source/queue.o
                0x0800cd44                vQueueAddToRegistry
 .text.vQueueWaitForMessageRestricted
                0x0800cd98       0x68 ./Middlewares/Third_Party/FreeRTOS/Source/queue.o
                0x0800cd98                vQueueWaitForMessageRestricted
 .text.xTaskCreateStatic
                0x0800ce00       0xc0 ./Middlewares/Third_Party/FreeRTOS/Source/tasks.o
                0x0800ce00                xTaskCreateStatic
 .text.xTaskCreate
                0x0800cec0       0x8a ./Middlewares/Third_Party/FreeRTOS/Source/tasks.o
                0x0800cec0                xTaskCreate
 .text.prvInitialiseNewTask
                0x0800cf4a      0x120 ./Middlewares/Third_Party/FreeRTOS/Source/tasks.o
 *fill*         0x0800d06a        0x2 
 .text.prvAddNewTaskToReadyList
                0x0800d06c       0xe0 ./Middlewares/Third_Party/FreeRTOS/Source/tasks.o
 .text.vTaskDelay
                0x0800d14c       0x6c ./Middlewares/Third_Party/FreeRTOS/Source/tasks.o
                0x0800d14c                vTaskDelay
 .text.vTaskStartScheduler
                0x0800d1b8       0xd0 ./Middlewares/Third_Party/FreeRTOS/Source/tasks.o
                0x0800d1b8                vTaskStartScheduler
 .text.vTaskSuspendAll
                0x0800d288       0x1c ./Middlewares/Third_Party/FreeRTOS/Source/tasks.o
                0x0800d288                vTaskSuspendAll
 .text.xTaskResumeAll
                0x0800d2a4      0x13c ./Middlewares/Third_Party/FreeRTOS/Source/tasks.o
                0x0800d2a4                xTaskResumeAll
 .text.xTaskGetTickCount
                0x0800d3e0       0x20 ./Middlewares/Third_Party/FreeRTOS/Source/tasks.o
                0x0800d3e0                xTaskGetTickCount
 .text.xTaskIncrementTick
                0x0800d400      0x174 ./Middlewares/Third_Party/FreeRTOS/Source/tasks.o
                0x0800d400                xTaskIncrementTick
 .text.vTaskSwitchContext
                0x0800d574       0xbc ./Middlewares/Third_Party/FreeRTOS/Source/tasks.o
                0x0800d574                vTaskSwitchContext
 .text.vTaskPlaceOnEventList
                0x0800d630       0x4c ./Middlewares/Third_Party/FreeRTOS/Source/tasks.o
                0x0800d630                vTaskPlaceOnEventList
 .text.vTaskPlaceOnEventListRestricted
                0x0800d67c       0x58 ./Middlewares/Third_Party/FreeRTOS/Source/tasks.o
                0x0800d67c                vTaskPlaceOnEventListRestricted
 .text.xTaskRemoveFromEventList
                0x0800d6d4       0xc8 ./Middlewares/Third_Party/FreeRTOS/Source/tasks.o
                0x0800d6d4                xTaskRemoveFromEventList
 .text.vTaskInternalSetTimeOutState
                0x0800d79c       0x2c ./Middlewares/Third_Party/FreeRTOS/Source/tasks.o
                0x0800d79c                vTaskInternalSetTimeOutState
 .text.xTaskCheckForTimeOut
                0x0800d7c8       0xc8 ./Middlewares/Third_Party/FreeRTOS/Source/tasks.o
                0x0800d7c8                xTaskCheckForTimeOut
 .text.vTaskMissedYield
                0x0800d890       0x18 ./Middlewares/Third_Party/FreeRTOS/Source/tasks.o
                0x0800d890                vTaskMissedYield
 .text.prvIdleTask
                0x0800d8a8       0x30 ./Middlewares/Third_Party/FreeRTOS/Source/tasks.o
 .text.prvInitialiseTaskLists
                0x0800d8d8       0x80 ./Middlewares/Third_Party/FreeRTOS/Source/tasks.o
 .text.prvCheckTasksWaitingTermination
                0x0800d958       0x5c ./Middlewares/Third_Party/FreeRTOS/Source/tasks.o
 .text.prvDeleteTCB
                0x0800d9b4       0x60 ./Middlewares/Third_Party/FreeRTOS/Source/tasks.o
 .text.prvResetNextTaskUnblockTime
                0x0800da14       0x40 ./Middlewares/Third_Party/FreeRTOS/Source/tasks.o
 .text.xTaskGetSchedulerState
                0x0800da54       0x3c ./Middlewares/Third_Party/FreeRTOS/Source/tasks.o
                0x0800da54                xTaskGetSchedulerState
 .text.xTaskPriorityDisinherit
                0x0800da90       0xe0 ./Middlewares/Third_Party/FreeRTOS/Source/tasks.o
                0x0800da90                xTaskPriorityDisinherit
 .text.prvAddCurrentTaskToDelayedList
                0x0800db70       0xa8 ./Middlewares/Third_Party/FreeRTOS/Source/tasks.o
 .text.xTimerCreateTimerTask
                0x0800dc18       0x94 ./Middlewares/Third_Party/FreeRTOS/Source/timers.o
                0x0800dc18                xTimerCreateTimerTask
 .text.xTimerGenericCommand
                0x0800dcac       0x9c ./Middlewares/Third_Party/FreeRTOS/Source/timers.o
                0x0800dcac                xTimerGenericCommand
 .text.prvProcessExpiredTimer
                0x0800dd48       0x9c ./Middlewares/Third_Party/FreeRTOS/Source/timers.o
 .text.prvTimerTask
                0x0800dde4       0x26 ./Middlewares/Third_Party/FreeRTOS/Source/timers.o
 *fill*         0x0800de0a        0x2 
 .text.prvProcessTimerOrBlockTask
                0x0800de0c       0x9c ./Middlewares/Third_Party/FreeRTOS/Source/timers.o
 .text.prvGetNextExpireTime
                0x0800dea8       0x48 ./Middlewares/Third_Party/FreeRTOS/Source/timers.o
 .text.prvSampleTimeNow
                0x0800def0       0x40 ./Middlewares/Third_Party/FreeRTOS/Source/timers.o
 .text.prvInsertTimerInActiveList
                0x0800df30       0x84 ./Middlewares/Third_Party/FreeRTOS/Source/timers.o
 .text.prvProcessReceivedCommands
                0x0800dfb4      0x1cc ./Middlewares/Third_Party/FreeRTOS/Source/timers.o
 .text.prvSwitchTimerLists
                0x0800e180       0xcc ./Middlewares/Third_Party/FreeRTOS/Source/timers.o
 .text.prvCheckForValidListAndQueue
                0x0800e24c       0x80 ./Middlewares/Third_Party/FreeRTOS/Source/timers.o
 .text.pxPortInitialiseStack
                0x0800e2cc       0x68 ./Middlewares/Third_Party/FreeRTOS/Source/portable/GCC/ARM_CM4F/port.o
                0x0800e2cc                pxPortInitialiseStack
 .text.prvTaskExitError
                0x0800e334       0x5c ./Middlewares/Third_Party/FreeRTOS/Source/portable/GCC/ARM_CM4F/port.o
 .text.SVC_Handler
                0x0800e390       0x28 ./Middlewares/Third_Party/FreeRTOS/Source/portable/GCC/ARM_CM4F/port.o
                0x0800e390                SVC_Handler
 .text.prvPortStartFirstTask
                0x0800e3b8       0x28 ./Middlewares/Third_Party/FreeRTOS/Source/portable/GCC/ARM_CM4F/port.o
 .text.xPortStartScheduler
                0x0800e3e0      0x148 ./Middlewares/Third_Party/FreeRTOS/Source/portable/GCC/ARM_CM4F/port.o
                0x0800e3e0                xPortStartScheduler
 .text.vPortEnterCritical
                0x0800e528       0x64 ./Middlewares/Third_Party/FreeRTOS/Source/portable/GCC/ARM_CM4F/port.o
                0x0800e528                vPortEnterCritical
 .text.vPortExitCritical
                0x0800e58c       0x54 ./Middlewares/Third_Party/FreeRTOS/Source/portable/GCC/ARM_CM4F/port.o
                0x0800e58c                vPortExitCritical
 .text.PendSV_Handler
                0x0800e5e0       0x68 ./Middlewares/Third_Party/FreeRTOS/Source/portable/GCC/ARM_CM4F/port.o
                0x0800e5e0                PendSV_Handler
 .text.xPortSysTickHandler
                0x0800e648       0x44 ./Middlewares/Third_Party/FreeRTOS/Source/portable/GCC/ARM_CM4F/port.o
                0x0800e648                xPortSysTickHandler
 .text.vPortSetupTimerInterrupt
                0x0800e68c       0x48 ./Middlewares/Third_Party/FreeRTOS/Source/portable/GCC/ARM_CM4F/port.o
                0x0800e68c                vPortSetupTimerInterrupt
 .text.vPortEnableVFP
                0x0800e6d4       0x14 ./Middlewares/Third_Party/FreeRTOS/Source/portable/GCC/ARM_CM4F/port.o
 .text.vPortValidateInterruptPriority
                0x0800e6e8       0x84 ./Middlewares/Third_Party/FreeRTOS/Source/portable/GCC/ARM_CM4F/port.o
                0x0800e6e8                vPortValidateInterruptPriority
 .text.pvPortMalloc
                0x0800e76c      0x19c ./Middlewares/Third_Party/FreeRTOS/Source/portable/MemMang/heap_4.o
                0x0800e76c                pvPortMalloc
 .text.vPortFree
                0x0800e908       0xc8 ./Middlewares/Third_Party/FreeRTOS/Source/portable/MemMang/heap_4.o
                0x0800e908                vPortFree
 .text.prvHeapInit
                0x0800e9d0       0xc4 ./Middlewares/Third_Party/FreeRTOS/Source/portable/MemMang/heap_4.o
 .text.prvInsertBlockIntoFreeList
                0x0800ea94       0xb4 ./Middlewares/Third_Party/FreeRTOS/Source/portable/MemMang/heap_4.o
 .text.malloc   0x0800eb48       0x10 E:/software/stm32/ide/STM32CubeIDE_2.1.1/STM32CubeIDE/plugins/com.st.stm32cube.ide.mcu.externaltools.gnu-tools-for-stm32.14.3.rel1.win32_1.0.100.202602081740/tools/bin/../lib/gcc/arm-none-eabi/14.3.1/../../../../arm-none-eabi/lib/thumb/v7e-m+fp/hard\libc_nano.a(libc_a-malloc.o)
                0x0800eb48                malloc
 .text.free     0x0800eb58       0x10 E:/software/stm32/ide/STM32CubeIDE_2.1.1/STM32CubeIDE/plugins/com.st.stm32cube.ide.mcu.externaltools.gnu-tools-for-stm32.14.3.rel1.win32_1.0.100.202602081740/tools/bin/../lib/gcc/arm-none-eabi/14.3.1/../../../../arm-none-eabi/lib/thumb/v7e-m+fp/hard\libc_nano.a(libc_a-malloc.o)
                0x0800eb58                free
 .text.sbrk_aligned
                0x0800eb68       0x44 E:/software/stm32/ide/STM32CubeIDE_2.1.1/STM32CubeIDE/plugins/com.st.stm32cube.ide.mcu.externaltools.gnu-tools-for-stm32.14.3.rel1.win32_1.0.100.202602081740/tools/bin/../lib/gcc/arm-none-eabi/14.3.1/../../../../arm-none-eabi/lib/thumb/v7e-m+fp/hard\libc_nano.a(libc_a-mallocr.o)
 .text._malloc_r
                0x0800ebac      0x100 E:/software/stm32/ide/STM32CubeIDE_2.1.1/STM32CubeIDE/plugins/com.st.stm32cube.ide.mcu.externaltools.gnu-tools-for-stm32.14.3.rel1.win32_1.0.100.202602081740/tools/bin/../lib/gcc/arm-none-eabi/14.3.1/../../../../arm-none-eabi/lib/thumb/v7e-m+fp/hard\libc_nano.a(libc_a-mallocr.o)
                0x0800ebac                _malloc_r
 .text.__malloc_lock
                0x0800ecac        0xc E:/software/stm32/ide/STM32CubeIDE_2.1.1/STM32CubeIDE/plugins/com.st.stm32cube.ide.mcu.externaltools.gnu-tools-for-stm32.14.3.rel1.win32_1.0.100.202602081740/tools/bin/../lib/gcc/arm-none-eabi/14.3.1/../../../../arm-none-eabi/lib/thumb/v7e-m+fp/hard\libc_nano.a(libc_a-mlock.o)
                0x0800ecac                __malloc_lock
 .text.__malloc_unlock
                0x0800ecb8        0xc E:/software/stm32/ide/STM32CubeIDE_2.1.1/STM32CubeIDE/plugins/com.st.stm32cube.ide.mcu.externaltools.gnu-tools-for-stm32.14.3.rel1.win32_1.0.100.202602081740/tools/bin/../lib/gcc/arm-none-eabi/14.3.1/../../../../arm-none-eabi/lib/thumb/v7e-m+fp/hard\libc_nano.a(libc_a-mlock.o)
                0x0800ecb8                __malloc_unlock
 .text.__cvt    0x0800ecc4       0xca E:/software/stm32/ide/STM32CubeIDE_2.1.1/STM32CubeIDE/plugins/com.st.stm32cube.ide.mcu.externaltools.gnu-tools-for-stm32.14.3.rel1.win32_1.0.100.202602081740/tools/bin/../lib/gcc/arm-none-eabi/14.3.1/../../../../arm-none-eabi/lib/thumb/v7e-m+fp/hard\libc_nano.a(libc_a-nano-vfprintf_float.o)
                0x0800ecc4                __cvt
 .text.__exponent
                0x0800ed8e       0x74 E:/software/stm32/ide/STM32CubeIDE_2.1.1/STM32CubeIDE/plugins/com.st.stm32cube.ide.mcu.externaltools.gnu-tools-for-stm32.14.3.rel1.win32_1.0.100.202602081740/tools/bin/../lib/gcc/arm-none-eabi/14.3.1/../../../../arm-none-eabi/lib/thumb/v7e-m+fp/hard\libc_nano.a(libc_a-nano-vfprintf_float.o)
                0x0800ed8e                __exponent
 *fill*         0x0800ee02        0x2 
 .text._printf_float
                0x0800ee04      0x450 E:/software/stm32/ide/STM32CubeIDE_2.1.1/STM32CubeIDE/plugins/com.st.stm32cube.ide.mcu.externaltools.gnu-tools-for-stm32.14.3.rel1.win32_1.0.100.202602081740/tools/bin/../lib/gcc/arm-none-eabi/14.3.1/../../../../arm-none-eabi/lib/thumb/v7e-m+fp/hard\libc_nano.a(libc_a-nano-vfprintf_float.o)
                0x0800ee04                _printf_float
 .text._printf_common
                0x0800f254       0xda E:/software/stm32/ide/STM32CubeIDE_2.1.1/STM32CubeIDE/plugins/com.st.stm32cube.ide.mcu.externaltools.gnu-tools-for-stm32.14.3.rel1.win32_1.0.100.202602081740/tools/bin/../lib/gcc/arm-none-eabi/14.3.1/../../../../arm-none-eabi/lib/thumb/v7e-m+fp/hard\libc_nano.a(libc_a-nano-vfprintf_i.o)
                0x0800f254                _printf_common
 *fill*         0x0800f32e        0x2 
 .text._printf_i
                0x0800f330      0x24c E:/software/stm32/ide/STM32CubeIDE_2.1.1/STM32CubeIDE/plugins/com.st.stm32cube.ide.mcu.externaltools.gnu-tools-for-stm32.14.3.rel1.win32_1.0.100.202602081740/tools/bin/../lib/gcc/arm-none-eabi/14.3.1/../../../../arm-none-eabi/lib/thumb/v7e-m+fp/hard\libc_nano.a(libc_a-nano-vfprintf_i.o)
                0x0800f330                _printf_i
 .text._scanf_float
                0x0800f57c      0x418 E:/software/stm32/ide/STM32CubeIDE_2.1.1/STM32CubeIDE/plugins/com.st.stm32cube.ide.mcu.externaltools.gnu-tools-for-stm32.14.3.rel1.win32_1.0.100.202602081740/tools/bin/../lib/gcc/arm-none-eabi/14.3.1/../../../../arm-none-eabi/lib/thumb/v7e-m+fp/hard\libc_nano.a(libc_a-nano-vfscanf_float.o)
                0x0800f57c                _scanf_float
 .text.std      0x0800f994       0x6c E:/software/stm32/ide/STM32CubeIDE_2.1.1/STM32CubeIDE/plugins/com.st.stm32cube.ide.mcu.externaltools.gnu-tools-for-stm32.14.3.rel1.win32_1.0.100.202602081740/tools/bin/../lib/gcc/arm-none-eabi/14.3.1/../../../../arm-none-eabi/lib/thumb/v7e-m+fp/hard\libc_nano.a(libc_a-findfp.o)
 .text.stdio_exit_handler
                0x0800fa00       0x18 E:/software/stm32/ide/STM32CubeIDE_2.1.1/STM32CubeIDE/plugins/com.st.stm32cube.ide.mcu.externaltools.gnu-tools-for-stm32.14.3.rel1.win32_1.0.100.202602081740/tools/bin/../lib/gcc/arm-none-eabi/14.3.1/../../../../arm-none-eabi/lib/thumb/v7e-m+fp/hard\libc_nano.a(libc_a-findfp.o)
 .text.cleanup_stdio
                0x0800fa18       0x40 E:/software/stm32/ide/STM32CubeIDE_2.1.1/STM32CubeIDE/plugins/com.st.stm32cube.ide.mcu.externaltools.gnu-tools-for-stm32.14.3.rel1.win32_1.0.100.202602081740/tools/bin/../lib/gcc/arm-none-eabi/14.3.1/../../../../arm-none-eabi/lib/thumb/v7e-m+fp/hard\libc_nano.a(libc_a-findfp.o)
 .text.global_stdio_init.part.0
                0x0800fa58       0x40 E:/software/stm32/ide/STM32CubeIDE_2.1.1/STM32CubeIDE/plugins/com.st.stm32cube.ide.mcu.externaltools.gnu-tools-for-stm32.14.3.rel1.win32_1.0.100.202602081740/tools/bin/../lib/gcc/arm-none-eabi/14.3.1/../../../../arm-none-eabi/lib/thumb/v7e-m+fp/hard\libc_nano.a(libc_a-findfp.o)
 .text.__sfp_lock_acquire
                0x0800fa98        0xc E:/software/stm32/ide/STM32CubeIDE_2.1.1/STM32CubeIDE/plugins/com.st.stm32cube.ide.mcu.externaltools.gnu-tools-for-stm32.14.3.rel1.win32_1.0.100.202602081740/tools/bin/../lib/gcc/arm-none-eabi/14.3.1/../../../../arm-none-eabi/lib/thumb/v7e-m+fp/hard\libc_nano.a(libc_a-findfp.o)
                0x0800fa98                __sfp_lock_acquire
 .text.__sfp_lock_release
                0x0800faa4        0xc E:/software/stm32/ide/STM32CubeIDE_2.1.1/STM32CubeIDE/plugins/com.st.stm32cube.ide.mcu.externaltools.gnu-tools-for-stm32.14.3.rel1.win32_1.0.100.202602081740/tools/bin/../lib/gcc/arm-none-eabi/14.3.1/../../../../arm-none-eabi/lib/thumb/v7e-m+fp/hard\libc_nano.a(libc_a-findfp.o)
                0x0800faa4                __sfp_lock_release
 .text.__sinit  0x0800fab0       0x30 E:/software/stm32/ide/STM32CubeIDE_2.1.1/STM32CubeIDE/plugins/com.st.stm32cube.ide.mcu.externaltools.gnu-tools-for-stm32.14.3.rel1.win32_1.0.100.202602081740/tools/bin/../lib/gcc/arm-none-eabi/14.3.1/../../../../arm-none-eabi/lib/thumb/v7e-m+fp/hard\libc_nano.a(libc_a-findfp.o)
                0x0800fab0                __sinit
 .text._fwalk_sglue
                0x0800fae0       0x3c E:/software/stm32/ide/STM32CubeIDE_2.1.1/STM32CubeIDE/plugins/com.st.stm32cube.ide.mcu.externaltools.gnu-tools-for-stm32.14.3.rel1.win32_1.0.100.202602081740/tools/bin/../lib/gcc/arm-none-eabi/14.3.1/../../../../arm-none-eabi/lib/thumb/v7e-m+fp/hard\libc_nano.a(libc_a-fwalk.o)
                0x0800fae0                _fwalk_sglue
 .text.sprintf  0x0800fb1c       0x44 E:/software/stm32/ide/STM32CubeIDE_2.1.1/STM32CubeIDE/plugins/com.st.stm32cube.ide.mcu.externaltools.gnu-tools-for-stm32.14.3.rel1.win32_1.0.100.202602081740/tools/bin/../lib/gcc/arm-none-eabi/14.3.1/../../../../arm-none-eabi/lib/thumb/v7e-m+fp/hard\libc_nano.a(libc_a-sprintf.o)
                0x0800fb1c                siprintf
                0x0800fb1c                sprintf
 .text.sscanf   0x0800fb60       0x58 E:/software/stm32/ide/STM32CubeIDE_2.1.1/STM32CubeIDE/plugins/com.st.stm32cube.ide.mcu.externaltools.gnu-tools-for-stm32.14.3.rel1.win32_1.0.100.202602081740/tools/bin/../lib/gcc/arm-none-eabi/14.3.1/../../../../arm-none-eabi/lib/thumb/v7e-m+fp/hard\libc_nano.a(libc_a-sscanf.o)
                0x0800fb60                siscanf
                0x0800fb60                sscanf
 .text.__sread  0x0800fbb8       0x22 E:/software/stm32/ide/STM32CubeIDE_2.1.1/STM32CubeIDE/plugins/com.st.stm32cube.ide.mcu.externaltools.gnu-tools-for-stm32.14.3.rel1.win32_1.0.100.202602081740/tools/bin/../lib/gcc/arm-none-eabi/14.3.1/../../../../arm-none-eabi/lib/thumb/v7e-m+fp/hard\libc_nano.a(libc_a-stdio.o)
                0x0800fbb8                __sread
 .text.__seofread
                0x0800fbda        0x4 E:/software/stm32/ide/STM32CubeIDE_2.1.1/STM32CubeIDE/plugins/com.st.stm32cube.ide.mcu.externaltools.gnu-tools-for-stm32.14.3.rel1.win32_1.0.100.202602081740/tools/bin/../lib/gcc/arm-none-eabi/14.3.1/../../../../arm-none-eabi/lib/thumb/v7e-m+fp/hard\libc_nano.a(libc_a-stdio.o)
                0x0800fbda                __seofread
 .text.__swrite
                0x0800fbde       0x38 E:/software/stm32/ide/STM32CubeIDE_2.1.1/STM32CubeIDE/plugins/com.st.stm32cube.ide.mcu.externaltools.gnu-tools-for-stm32.14.3.rel1.win32_1.0.100.202602081740/tools/bin/../lib/gcc/arm-none-eabi/14.3.1/../../../../arm-none-eabi/lib/thumb/v7e-m+fp/hard\libc_nano.a(libc_a-stdio.o)
                0x0800fbde                __swrite
 .text.__sseek  0x0800fc16       0x26 E:/software/stm32/ide/STM32CubeIDE_2.1.1/STM32CubeIDE/plugins/com.st.stm32cube.ide.mcu.externaltools.gnu-tools-for-stm32.14.3.rel1.win32_1.0.100.202602081740/tools/bin/../lib/gcc/arm-none-eabi/14.3.1/../../../../arm-none-eabi/lib/thumb/v7e-m+fp/hard\libc_nano.a(libc_a-stdio.o)
                0x0800fc16                __sseek
 .text.__sclose
                0x0800fc3c        0x8 E:/software/stm32/ide/STM32CubeIDE_2.1.1/STM32CubeIDE/plugins/com.st.stm32cube.ide.mcu.externaltools.gnu-tools-for-stm32.14.3.rel1.win32_1.0.100.202602081740/tools/bin/../lib/gcc/arm-none-eabi/14.3.1/../../../../arm-none-eabi/lib/thumb/v7e-m+fp/hard\libc_nano.a(libc_a-stdio.o)
                0x0800fc3c                __sclose
 .text._vsnprintf_r
                0x0800fc44       0x5c E:/software/stm32/ide/STM32CubeIDE_2.1.1/STM32CubeIDE/plugins/com.st.stm32cube.ide.mcu.externaltools.gnu-tools-for-stm32.14.3.rel1.win32_1.0.100.202602081740/tools/bin/../lib/gcc/arm-none-eabi/14.3.1/../../../../arm-none-eabi/lib/thumb/v7e-m+fp/hard\libc_nano.a(libc_a-vsnprintf.o)
                0x0800fc44                _vsniprintf_r
                0x0800fc44                _vsnprintf_r
 .text.vsnprintf
                0x0800fca0       0x1c E:/software/stm32/ide/STM32CubeIDE_2.1.1/STM32CubeIDE/plugins/com.st.stm32cube.ide.mcu.externaltools.gnu-tools-for-stm32.14.3.rel1.win32_1.0.100.202602081740/tools/bin/../lib/gcc/arm-none-eabi/14.3.1/../../../../arm-none-eabi/lib/thumb/v7e-m+fp/hard\libc_nano.a(libc_a-vsnprintf.o)
                0x0800fca0                vsniprintf
                0x0800fca0                vsnprintf
 .text.memset   0x0800fcbc       0x10 E:/software/stm32/ide/STM32CubeIDE_2.1.1/STM32CubeIDE/plugins/com.st.stm32cube.ide.mcu.externaltools.gnu-tools-for-stm32.14.3.rel1.win32_1.0.100.202602081740/tools/bin/../lib/gcc/arm-none-eabi/14.3.1/../../../../arm-none-eabi/lib/thumb/v7e-m+fp/hard\libc_nano.a(libc_a-memset.o)
                0x0800fcbc                memset
 .text.strncpy  0x0800fccc       0x26 E:/software/stm32/ide/STM32CubeIDE_2.1.1/STM32CubeIDE/plugins/com.st.stm32cube.ide.mcu.externaltools.gnu-tools-for-stm32.14.3.rel1.win32_1.0.100.202602081740/tools/bin/../lib/gcc/arm-none-eabi/14.3.1/../../../../arm-none-eabi/lib/thumb/v7e-m+fp/hard\libc_nano.a(libc_a-strncpy.o)
                0x0800fccc                strncpy
 *fill*         0x0800fcf2        0x2 
 .text._localeconv_r
                0x0800fcf4        0x8 E:/software/stm32/ide/STM32CubeIDE_2.1.1/STM32CubeIDE/plugins/com.st.stm32cube.ide.mcu.externaltools.gnu-tools-for-stm32.14.3.rel1.win32_1.0.100.202602081740/tools/bin/../lib/gcc/arm-none-eabi/14.3.1/../../../../arm-none-eabi/lib/thumb/v7e-m+fp/hard\libc_nano.a(libc_a-localeconv.o)
                0x0800fcf4                _localeconv_r
 .text._close_r
                0x0800fcfc       0x20 E:/software/stm32/ide/STM32CubeIDE_2.1.1/STM32CubeIDE/plugins/com.st.stm32cube.ide.mcu.externaltools.gnu-tools-for-stm32.14.3.rel1.win32_1.0.100.202602081740/tools/bin/../lib/gcc/arm-none-eabi/14.3.1/../../../../arm-none-eabi/lib/thumb/v7e-m+fp/hard\libc_nano.a(libc_a-closer.o)
                0x0800fcfc                _close_r
 .text._lseek_r
                0x0800fd1c       0x24 E:/software/stm32/ide/STM32CubeIDE_2.1.1/STM32CubeIDE/plugins/com.st.stm32cube.ide.mcu.externaltools.gnu-tools-for-stm32.14.3.rel1.win32_1.0.100.202602081740/tools/bin/../lib/gcc/arm-none-eabi/14.3.1/../../../../arm-none-eabi/lib/thumb/v7e-m+fp/hard\libc_nano.a(libc_a-lseekr.o)
                0x0800fd1c                _lseek_r
 .text._read_r  0x0800fd40       0x24 E:/software/stm32/ide/STM32CubeIDE_2.1.1/STM32CubeIDE/plugins/com.st.stm32cube.ide.mcu.externaltools.gnu-tools-for-stm32.14.3.rel1.win32_1.0.100.202602081740/tools/bin/../lib/gcc/arm-none-eabi/14.3.1/../../../../arm-none-eabi/lib/thumb/v7e-m+fp/hard\libc_nano.a(libc_a-readr.o)
                0x0800fd40                _read_r
 .text._sbrk_r  0x0800fd64       0x20 E:/software/stm32/ide/STM32CubeIDE_2.1.1/STM32CubeIDE/plugins/com.st.stm32cube.ide.mcu.externaltools.gnu-tools-for-stm32.14.3.rel1.win32_1.0.100.202602081740/tools/bin/../lib/gcc/arm-none-eabi/14.3.1/../../../../arm-none-eabi/lib/thumb/v7e-m+fp/hard\libc_nano.a(libc_a-sbrkr.o)
                0x0800fd64                _sbrk_r
 .text._write_r
                0x0800fd84       0x24 E:/software/stm32/ide/STM32CubeIDE_2.1.1/STM32CubeIDE/plugins/com.st.stm32cube.ide.mcu.externaltools.gnu-tools-for-stm32.14.3.rel1.win32_1.0.100.202602081740/tools/bin/../lib/gcc/arm-none-eabi/14.3.1/../../../../arm-none-eabi/lib/thumb/v7e-m+fp/hard\libc_nano.a(libc_a-writer.o)
                0x0800fd84                _write_r
 .text.__errno  0x0800fda8        0xc E:/software/stm32/ide/STM32CubeIDE_2.1.1/STM32CubeIDE/plugins/com.st.stm32cube.ide.mcu.externaltools.gnu-tools-for-stm32.14.3.rel1.win32_1.0.100.202602081740/tools/bin/../lib/gcc/arm-none-eabi/14.3.1/../../../../arm-none-eabi/lib/thumb/v7e-m+fp/hard\libc_nano.a(libc_a-errno.o)
                0x0800fda8                __errno
 .text.__libc_init_array
                0x0800fdb4       0x48 E:/software/stm32/ide/STM32CubeIDE_2.1.1/STM32CubeIDE/plugins/com.st.stm32cube.ide.mcu.externaltools.gnu-tools-for-stm32.14.3.rel1.win32_1.0.100.202602081740/tools/bin/../lib/gcc/arm-none-eabi/14.3.1/../../../../arm-none-eabi/lib/thumb/v7e-m+fp/hard\libc_nano.a(libc_a-init.o)
                0x0800fdb4                __libc_init_array
 .text.__retarget_lock_init_recursive
                0x0800fdfc        0x2 E:/software/stm32/ide/STM32CubeIDE_2.1.1/STM32CubeIDE/plugins/com.st.stm32cube.ide.mcu.externaltools.gnu-tools-for-stm32.14.3.rel1.win32_1.0.100.202602081740/tools/bin/../lib/gcc/arm-none-eabi/14.3.1/../../../../arm-none-eabi/lib/thumb/v7e-m+fp/hard\libc_nano.a(libc_a-lock.o)
                0x0800fdfc                __retarget_lock_init_recursive
 .text.__retarget_lock_acquire_recursive
                0x0800fdfe        0x2 E:/software/stm32/ide/STM32CubeIDE_2.1.1/STM32CubeIDE/plugins/com.st.stm32cube.ide.mcu.externaltools.gnu-tools-for-stm32.14.3.rel1.win32_1.0.100.202602081740/tools/bin/../lib/gcc/arm-none-eabi/14.3.1/../../../../arm-none-eabi/lib/thumb/v7e-m+fp/hard\libc_nano.a(libc_a-lock.o)
                0x0800fdfe                __retarget_lock_acquire_recursive
 .text.__retarget_lock_release_recursive
                0x0800fe00        0x2 E:/software/stm32/ide/STM32CubeIDE_2.1.1/STM32CubeIDE/plugins/com.st.stm32cube.ide.mcu.externaltools.gnu-tools-for-stm32.14.3.rel1.win32_1.0.100.202602081740/tools/bin/../lib/gcc/arm-none-eabi/14.3.1/../../../../arm-none-eabi/lib/thumb/v7e-m+fp/hard\libc_nano.a(libc_a-lock.o)
                0x0800fe00                __retarget_lock_release_recursive
 .text.memcpy   0x0800fe02       0x1c E:/software/stm32/ide/STM32CubeIDE_2.1.1/STM32CubeIDE/plugins/com.st.stm32cube.ide.mcu.externaltools.gnu-tools-for-stm32.14.3.rel1.win32_1.0.100.202602081740/tools/bin/../lib/gcc/arm-none-eabi/14.3.1/../../../../arm-none-eabi/lib/thumb/v7e-m+fp/hard\libc_nano.a(libc_a-memcpy-stub.o)
                0x0800fe02                memcpy
 *fill*         0x0800fe1e        0x2 
 .text.nanf     0x0800fe20        0xc E:/software/stm32/ide/STM32CubeIDE_2.1.1/STM32CubeIDE/plugins/com.st.stm32cube.ide.mcu.externaltools.gnu-tools-for-stm32.14.3.rel1.win32_1.0.100.202602081740/tools/bin/../lib/gcc/arm-none-eabi/14.3.1/../../../../arm-none-eabi/lib/thumb/v7e-m+fp/hard\libc_nano.a(libm_a-sf_nan.o)
                0x0800fe20                nanf
 .text.quorem   0x0800fe2c      0x110 E:/software/stm32/ide/STM32CubeIDE_2.1.1/STM32CubeIDE/plugins/com.st.stm32cube.ide.mcu.externaltools.gnu-tools-for-stm32.14.3.rel1.win32_1.0.100.202602081740/tools/bin/../lib/gcc/arm-none-eabi/14.3.1/../../../../arm-none-eabi/lib/thumb/v7e-m+fp/hard\libc_nano.a(libc_a-dtoa.o)
 *fill*         0x0800ff3c        0x4 
 .text._dtoa_r  0x0800ff40      0xbb8 E:/software/stm32/ide/STM32CubeIDE_2.1.1/STM32CubeIDE/plugins/com.st.stm32cube.ide.mcu.externaltools.gnu-tools-for-stm32.14.3.rel1.win32_1.0.100.202602081740/tools/bin/../lib/gcc/arm-none-eabi/14.3.1/../../../../arm-none-eabi/lib/thumb/v7e-m+fp/hard\libc_nano.a(libc_a-dtoa.o)
                0x0800ff40                _dtoa_r
 .text._free_r  0x08010af8       0x94 E:/software/stm32/ide/STM32CubeIDE_2.1.1/STM32CubeIDE/plugins/com.st.stm32cube.ide.mcu.externaltools.gnu-tools-for-stm32.14.3.rel1.win32_1.0.100.202602081740/tools/bin/../lib/gcc/arm-none-eabi/14.3.1/../../../../arm-none-eabi/lib/thumb/v7e-m+fp/hard\libc_nano.a(libc_a-freer.o)
                0x08010af8                _free_r
 .text._Balloc  0x08010b8c       0x7c E:/software/stm32/ide/STM32CubeIDE_2.1.1/STM32CubeIDE/plugins/com.st.stm32cube.ide.mcu.externaltools.gnu-tools-for-stm32.14.3.rel1.win32_1.0.100.202602081740/tools/bin/../lib/gcc/arm-none-eabi/14.3.1/../../../../arm-none-eabi/lib/thumb/v7e-m+fp/hard\libc_nano.a(libc_a-mprec.o)
                0x08010b8c                _Balloc
 .text._Bfree   0x08010c08       0x44 E:/software/stm32/ide/STM32CubeIDE_2.1.1/STM32CubeIDE/plugins/com.st.stm32cube.ide.mcu.externaltools.gnu-tools-for-stm32.14.3.rel1.win32_1.0.100.202602081740/tools/bin/../lib/gcc/arm-none-eabi/14.3.1/../../../../arm-none-eabi/lib/thumb/v7e-m+fp/hard\libc_nano.a(libc_a-mprec.o)
                0x08010c08                _Bfree
 .text.__multadd
                0x08010c4c       0x8c E:/software/stm32/ide/STM32CubeIDE_2.1.1/STM32CubeIDE/plugins/com.st.stm32cube.ide.mcu.externaltools.gnu-tools-for-stm32.14.3.rel1.win32_1.0.100.202602081740/tools/bin/../lib/gcc/arm-none-eabi/14.3.1/../../../../arm-none-eabi/lib/thumb/v7e-m+fp/hard\libc_nano.a(libc_a-mprec.o)
                0x08010c4c                __multadd
 .text.__s2b    0x08010cd8       0x94 E:/software/stm32/ide/STM32CubeIDE_2.1.1/STM32CubeIDE/plugins/com.st.stm32cube.ide.mcu.externaltools.gnu-tools-for-stm32.14.3.rel1.win32_1.0.100.202602081740/tools/bin/../lib/gcc/arm-none-eabi/14.3.1/../../../../arm-none-eabi/lib/thumb/v7e-m+fp/hard\libc_nano.a(libc_a-mprec.o)
                0x08010cd8                __s2b
 .text.__hi0bits
                0x08010d6c       0x3e E:/software/stm32/ide/STM32CubeIDE_2.1.1/STM32CubeIDE/plugins/com.st.stm32cube.ide.mcu.externaltools.gnu-tools-for-stm32.14.3.rel1.win32_1.0.100.202602081740/tools/bin/../lib/gcc/arm-none-eabi/14.3.1/../../../../arm-none-eabi/lib/thumb/v7e-m+fp/hard\libc_nano.a(libc_a-mprec.o)
                0x08010d6c                __hi0bits
 .text.__lo0bits
                0x08010daa       0x5a E:/software/stm32/ide/STM32CubeIDE_2.1.1/STM32CubeIDE/plugins/com.st.stm32cube.ide.mcu.externaltools.gnu-tools-for-stm32.14.3.rel1.win32_1.0.100.202602081740/tools/bin/../lib/gcc/arm-none-eabi/14.3.1/../../../../arm-none-eabi/lib/thumb/v7e-m+fp/hard\libc_nano.a(libc_a-mprec.o)
                0x08010daa                __lo0bits
 .text.__i2b    0x08010e04       0x2c E:/software/stm32/ide/STM32CubeIDE_2.1.1/STM32CubeIDE/plugins/com.st.stm32cube.ide.mcu.externaltools.gnu-tools-for-stm32.14.3.rel1.win32_1.0.100.202602081740/tools/bin/../lib/gcc/arm-none-eabi/14.3.1/../../../../arm-none-eabi/lib/thumb/v7e-m+fp/hard\libc_nano.a(libc_a-mprec.o)
                0x08010e04                __i2b
 .text.__multiply
                0x08010e30      0x154 E:/software/stm32/ide/STM32CubeIDE_2.1.1/STM32CubeIDE/plugins/com.st.stm32cube.ide.mcu.externaltools.gnu-tools-for-stm32.14.3.rel1.win32_1.0.100.202602081740/tools/bin/../lib/gcc/arm-none-eabi/14.3.1/../../../../arm-none-eabi/lib/thumb/v7e-m+fp/hard\libc_nano.a(libc_a-mprec.o)
                0x08010e30                __multiply
 .text.__pow5mult
                0x08010f84       0xb8 E:/software/stm32/ide/STM32CubeIDE_2.1.1/STM32CubeIDE/plugins/com.st.stm32cube.ide.mcu.externaltools.gnu-tools-for-stm32.14.3.rel1.win32_1.0.100.202602081740/tools/bin/../lib/gcc/arm-none-eabi/14.3.1/../../../../arm-none-eabi/lib/thumb/v7e-m+fp/hard\libc_nano.a(libc_a-mprec.o)
                0x08010f84                __pow5mult
 .text.__lshift
                0x0801103c       0xdc E:/software/stm32/ide/STM32CubeIDE_2.1.1/STM32CubeIDE/plugins/com.st.stm32cube.ide.mcu.externaltools.gnu-tools-for-stm32.14.3.rel1.win32_1.0.100.202602081740/tools/bin/../lib/gcc/arm-none-eabi/14.3.1/../../../../arm-none-eabi/lib/thumb/v7e-m+fp/hard\libc_nano.a(libc_a-mprec.o)
                0x0801103c                __lshift
 .text.__mcmp   0x08011118       0x36 E:/software/stm32/ide/STM32CubeIDE_2.1.1/STM32CubeIDE/plugins/com.st.stm32cube.ide.mcu.externaltools.gnu-tools-for-stm32.14.3.rel1.win32_1.0.100.202602081740/tools/bin/../lib/gcc/arm-none-eabi/14.3.1/../../../../arm-none-eabi/lib/thumb/v7e-m+fp/hard\libc_nano.a(libc_a-mprec.o)
                0x08011118                __mcmp
 *fill*         0x0801114e        0x2 
 .text.__mdiff  0x08011150      0x130 E:/software/stm32/ide/STM32CubeIDE_2.1.1/STM32CubeIDE/plugins/com.st.stm32cube.ide.mcu.externaltools.gnu-tools-for-stm32.14.3.rel1.win32_1.0.100.202602081740/tools/bin/../lib/gcc/arm-none-eabi/14.3.1/../../../../arm-none-eabi/lib/thumb/v7e-m+fp/hard\libc_nano.a(libc_a-mprec.o)
                0x08011150                __mdiff
 .text.__ulp    0x08011280       0x4c E:/software/stm32/ide/STM32CubeIDE_2.1.1/STM32CubeIDE/plugins/com.st.stm32cube.ide.mcu.externaltools.gnu-tools-for-stm32.14.3.rel1.win32_1.0.100.202602081740/tools/bin/../lib/gcc/arm-none-eabi/14.3.1/../../../../arm-none-eabi/lib/thumb/v7e-m+fp/hard\libc_nano.a(libc_a-mprec.o)
                0x08011280                __ulp
 .text.__b2d    0x080112cc       0x94 E:/software/stm32/ide/STM32CubeIDE_2.1.1/STM32CubeIDE/plugins/com.st.stm32cube.ide.mcu.externaltools.gnu-tools-for-stm32.14.3.rel1.win32_1.0.100.202602081740/tools/bin/../lib/gcc/arm-none-eabi/14.3.1/../../../../arm-none-eabi/lib/thumb/v7e-m+fp/hard\libc_nano.a(libc_a-mprec.o)
                0x080112cc                __b2d
 .text.__d2b    0x08011360       0xb0 E:/software/stm32/ide/STM32CubeIDE_2.1.1/STM32CubeIDE/plugins/com.st.stm32cube.ide.mcu.externaltools.gnu-tools-for-stm32.14.3.rel1.win32_1.0.100.202602081740/tools/bin/../lib/gcc/arm-none-eabi/14.3.1/../../../../arm-none-eabi/lib/thumb/v7e-m+fp/hard\libc_nano.a(libc_a-mprec.o)
                0x08011360                __d2b
 .text.__ratio  0x08011410       0x64 E:/software/stm32/ide/STM32CubeIDE_2.1.1/STM32CubeIDE/plugins/com.st.stm32cube.ide.mcu.externaltools.gnu-tools-for-stm32.14.3.rel1.win32_1.0.100.202602081740/tools/bin/../lib/gcc/arm-none-eabi/14.3.1/../../../../arm-none-eabi/lib/thumb/v7e-m+fp/hard\libc_nano.a(libc_a-mprec.o)
                0x08011410                __ratio
 .text.__copybits
                0x08011474       0x46 E:/software/stm32/ide/STM32CubeIDE_2.1.1/STM32CubeIDE/plugins/com.st.stm32cube.ide.mcu.externaltools.gnu-tools-for-stm32.14.3.rel1.win32_1.0.100.202602081740/tools/bin/../lib/gcc/arm-none-eabi/14.3.1/../../../../arm-none-eabi/lib/thumb/v7e-m+fp/hard\libc_nano.a(libc_a-mprec.o)
                0x08011474                __copybits
 .text.__any_on
                0x080114ba       0x42 E:/software/stm32/ide/STM32CubeIDE_2.1.1/STM32CubeIDE/plugins/com.st.stm32cube.ide.mcu.externaltools.gnu-tools-for-stm32.14.3.rel1.win32_1.0.100.202602081740/tools/bin/../lib/gcc/arm-none-eabi/14.3.1/../../../../arm-none-eabi/lib/thumb/v7e-m+fp/hard\libc_nano.a(libc_a-mprec.o)
                0x080114ba                __any_on
 .text.sulp     0x080114fc       0x3c E:/software/stm32/ide/STM32CubeIDE_2.1.1/STM32CubeIDE/plugins/com.st.stm32cube.ide.mcu.externaltools.gnu-tools-for-stm32.14.3.rel1.win32_1.0.100.202602081740/tools/bin/../lib/gcc/arm-none-eabi/14.3.1/../../../../arm-none-eabi/lib/thumb/v7e-m+fp/hard\libc_nano.a(libc_a-strtod.o)
 .text._strtod_l
                0x08011538      0xbb8 E:/software/stm32/ide/STM32CubeIDE_2.1.1/STM32CubeIDE/plugins/com.st.stm32cube.ide.mcu.externaltools.gnu-tools-for-stm32.14.3.rel1.win32_1.0.100.202602081740/tools/bin/../lib/gcc/arm-none-eabi/14.3.1/../../../../arm-none-eabi/lib/thumb/v7e-m+fp/hard\libc_nano.a(libc_a-strtod.o)
                0x08011538                _strtod_l
 .text._strtod_r
                0x080120f0        0xc E:/software/stm32/ide/STM32CubeIDE_2.1.1/STM32CubeIDE/plugins/com.st.stm32cube.ide.mcu.externaltools.gnu-tools-for-stm32.14.3.rel1.win32_1.0.100.202602081740/tools/bin/../lib/gcc/arm-none-eabi/14.3.1/../../../../arm-none-eabi/lib/thumb/v7e-m+fp/hard\libc_nano.a(libc_a-strtod.o)
                0x080120f0                _strtod_r
 .text._strtol_l.isra.0
                0x080120fc       0xf4 E:/software/stm32/ide/STM32CubeIDE_2.1.1/STM32CubeIDE/plugins/com.st.stm32cube.ide.mcu.externaltools.gnu-tools-for-stm32.14.3.rel1.win32_1.0.100.202602081740/tools/bin/../lib/gcc/arm-none-eabi/14.3.1/../../../../arm-none-eabi/lib/thumb/v7e-m+fp/hard\libc_nano.a(libc_a-strtol.o)
 .text._strtol_r
                0x080121f0        0x4 E:/software/stm32/ide/STM32CubeIDE_2.1.1/STM32CubeIDE/plugins/com.st.stm32cube.ide.mcu.externaltools.gnu-tools-for-stm32.14.3.rel1.win32_1.0.100.202602081740/tools/bin/../lib/gcc/arm-none-eabi/14.3.1/../../../../arm-none-eabi/lib/thumb/v7e-m+fp/hard\libc_nano.a(libc_a-strtol.o)
                0x080121f0                _strtol_r
 .text.__ssputs_r
                0x080121f4       0xc0 E:/software/stm32/ide/STM32CubeIDE_2.1.1/STM32CubeIDE/plugins/com.st.stm32cube.ide.mcu.externaltools.gnu-tools-for-stm32.14.3.rel1.win32_1.0.100.202602081740/tools/bin/../lib/gcc/arm-none-eabi/14.3.1/../../../../arm-none-eabi/lib/thumb/v7e-m+fp/hard\libc_nano.a(libc_a-nano-svfprintf.o)
                0x080121f4                __ssputs_r
 .text._svfprintf_r
                0x080122b4      0x1f0 E:/software/stm32/ide/STM32CubeIDE_2.1.1/STM32CubeIDE/plugins/com.st.stm32cube.ide.mcu.externaltools.gnu-tools-for-stm32.14.3.rel1.win32_1.0.100.202602081740/tools/bin/../lib/gcc/arm-none-eabi/14.3.1/../../../../arm-none-eabi/lib/thumb/v7e-m+fp/hard\libc_nano.a(libc_a-nano-svfprintf.o)
                0x080122b4                _svfiprintf_r
                0x080122b4                _svfprintf_r
 .text._sungetc_r
                0x080124a4       0x7a E:/software/stm32/ide/STM32CubeIDE_2.1.1/STM32CubeIDE/plugins/com.st.stm32cube.ide.mcu.externaltools.gnu-tools-for-stm32.14.3.rel1.win32_1.0.100.202602081740/tools/bin/../lib/gcc/arm-none-eabi/14.3.1/../../../../arm-none-eabi/lib/thumb/v7e-m+fp/hard\libc_nano.a(libc_a-nano-svfscanf.o)
                0x080124a4                _sungetc_r
 .text.__ssrefill_r
                0x0801251e       0x3a E:/software/stm32/ide/STM32CubeIDE_2.1.1/STM32CubeIDE/plugins/com.st.stm32cube.ide.mcu.externaltools.gnu-tools-for-stm32.14.3.rel1.win32_1.0.100.202602081740/tools/bin/../lib/gcc/arm-none-eabi/14.3.1/../../../../arm-none-eabi/lib/thumb/v7e-m+fp/hard\libc_nano.a(libc_a-nano-svfscanf.o)
                0x0801251e                __ssrefill_r
 .text.__ssvfscanf_r
                0x08012558      0x2fc E:/software/stm32/ide/STM32CubeIDE_2.1.1/STM32CubeIDE/plugins/com.st.stm32cube.ide.mcu.externaltools.gnu-tools-for-stm32.14.3.rel1.win32_1.0.100.202602081740/tools/bin/../lib/gcc/arm-none-eabi/14.3.1/../../../../arm-none-eabi/lib/thumb/v7e-m+fp/hard\libc_nano.a(libc_a-nano-svfscanf.o)
                0x08012558                __ssvfiscanf_r
                0x08012558                __ssvfscanf_r
 .text._scanf_chars
                0x08012854       0xb4 E:/software/stm32/ide/STM32CubeIDE_2.1.1/STM32CubeIDE/plugins/com.st.stm32cube.ide.mcu.externaltools.gnu-tools-for-stm32.14.3.rel1.win32_1.0.100.202602081740/tools/bin/../lib/gcc/arm-none-eabi/14.3.1/../../../../arm-none-eabi/lib/thumb/v7e-m+fp/hard\libc_nano.a(libc_a-nano-vfscanf_i.o)
                0x08012854                _scanf_chars
 .text._scanf_i
                0x08012908      0x1e4 E:/software/stm32/ide/STM32CubeIDE_2.1.1/STM32CubeIDE/plugins/com.st.stm32cube.ide.mcu.externaltools.gnu-tools-for-stm32.14.3.rel1.win32_1.0.100.202602081740/tools/bin/../lib/gcc/arm-none-eabi/14.3.1/../../../../arm-none-eabi/lib/thumb/v7e-m+fp/hard\libc_nano.a(libc_a-nano-vfscanf_i.o)
                0x08012908                _scanf_i
 .text.__sflush_r
                0x08012aec      0x104 E:/software/stm32/ide/STM32CubeIDE_2.1.1/STM32CubeIDE/plugins/com.st.stm32cube.ide.mcu.externaltools.gnu-tools-for-stm32.14.3.rel1.win32_1.0.100.202602081740/tools/bin/../lib/gcc/arm-none-eabi/14.3.1/../../../../arm-none-eabi/lib/thumb/v7e-m+fp/hard\libc_nano.a(libc_a-fflush.o)
                0x08012aec                __sflush_r
 .text._fflush_r
                0x08012bf0       0x50 E:/software/stm32/ide/STM32CubeIDE_2.1.1/STM32CubeIDE/plugins/com.st.stm32cube.ide.mcu.externaltools.gnu-tools-for-stm32.14.3.rel1.win32_1.0.100.202602081740/tools/bin/../lib/gcc/arm-none-eabi/14.3.1/../../../../arm-none-eabi/lib/thumb/v7e-m+fp/hard\libc_nano.a(libc_a-fflush.o)
                0x08012bf0                _fflush_r
 .text.__sccl   0x08012c40       0x72 E:/software/stm32/ide/STM32CubeIDE_2.1.1/STM32CubeIDE/plugins/com.st.stm32cube.ide.mcu.externaltools.gnu-tools-for-stm32.14.3.rel1.win32_1.0.100.202602081740/tools/bin/../lib/gcc/arm-none-eabi/14.3.1/../../../../arm-none-eabi/lib/thumb/v7e-m+fp/hard\libc_nano.a(libc_a-sccl.o)
                0x08012c40                __sccl
 .text.__submore
                0x08012cb2       0x74 E:/software/stm32/ide/STM32CubeIDE_2.1.1/STM32CubeIDE/plugins/com.st.stm32cube.ide.mcu.externaltools.gnu-tools-for-stm32.14.3.rel1.win32_1.0.100.202602081740/tools/bin/../lib/gcc/arm-none-eabi/14.3.1/../../../../arm-none-eabi/lib/thumb/v7e-m+fp/hard\libc_nano.a(libc_a-ungetc.o)
                0x08012cb2                __submore