../Core/Src/robot.c:82:13:robot_joint_limit_post_handle	16	static
../Core/Src/robot.c:91:10:robot_joint_veloccity_to	64	static
../Core/Src/robot.c:125:10:robot_joint_rotate_to	88	static
../Core/Src/robot.c:179:13:robot_joint_limit_happend	48	static
../Core/Src/robot.c:206:13:robot_joint_limit_set_input	40	static
../Core/Src/robot.c:217:13:robot_joint_limit_set_irq	40	static
../Core/Src/robot.c:228:22:robot_get_limit_status	24	static
../Core/Src/robot.c:235:13:robot_joint_reset	24	static
../Core/Src/robot.c:261:13:robot_joint_hard_reset	16	static
../Core/Src/robot.c:278:12:robot_angle_map	32	static
../Core/Src/robot.c:314:13:robot_joint_soft_reset	48	static
../Core/Src/robot.c:353:25:robot_time_func_path_interpolation	48	static
../Core/Src/robot.c:387:13:robot_time_func_move	80	static
../Core/Src/robot.c:441:13:robot_auto_move_interpolation	80	static
../Core/Src/robot.c:513:14:robot_angle_normalize	16	static
../Core/Src/robot.c:536:14:robot_angle_diff	24	static
../Core/Src/robot.c:550:12:robot_pid_run	160	static
../Core/Src/robot.c:584:13:robot_joints_sync_to	24	static
../Core/Src/robot.c:601:13:robot_control_task	56	static
../Core/Src/robot.c:683:13:robot_pid_one_period	48	static
../Core/Src/robot.c:709:12:robot_pid_remote	216	static
../Core/Src/robot.c:781:6:robot_init	56	static
../Core/Src/robot.c:820:5:robot_send_joints_sync_event	48	static
../Core/Src/robot.c:832:5:robot_send_rel_rotate_event	48	static
../Core/Src/robot.c:841:5:robot_send_remote_event	40	static
../Core/Src/robot.c:848:5:robot_send_abs_rotate_event	48	static
../Core/Src/robot.c:857:5:robot_send_auto_event	48	static
../Core/Src/robot.c:865:5:robot_send_time_func_event	48	static
../Core/Src/robot.c:873:5:robot_send_get_eepose_event	40	static
../Core/Src/robot.c:880:5:robot_send_set_joints_event	48	static
../Core/Src/robot.c:888:5:robot_send_get_ik_solution_event	56	static
../Core/Src/robot.c:910:5:robot_send_mg996r_set_angle_event	48	static
../Core/Src/robot.c:919:5:robot_send_mg996r_get_angle_event	40	static
../Core/Src/robot.c:926:5:robot_send_reset_event	48	static
../Core/Src/robot.c:937:6:robot_cmd_send_from_isr	160	static
../Core/Src/robot.c:951:12:robot_joint_pin2id	24	static
../Core/Src/robot.c:961:6:HAL_GPIO_EXTI_Callback	24	static
../Core/Src/robot.c:969:12:robot_mqtt_joints_sync	4	static
../Core/Src/robot.c:983:6:robot_cmd_service	144	static
../Core/Src/robot.c:1012:25:robot_path_interpolation_linear	80	static
../Core/Src/robot.c:1042:5:robot_update_current_angle	40	static
../Core/Src/robot.c:1087:12:robot_joint_stop	24	static
../Core/Src/robot.c:1111:6:robot_kinematics_verify	248	static
../Core/Src/robot.c:1201:5:robot_get_eepose	312	static
../Core/Src/robot.c:1279:6:robot_set_joints_execute	88	static
../Core/Src/robot.c:1326:8:robot_solve_ik	224	static
../Core/Src/robot.c:1422:6:robot_mg996r_set_angle_execute	16	static
../Core/Src/robot.c:1449:6:robot_mg996r_get_angle_execute	16	static
../Core/Src/robot.c:1460:13:robot_joint_stop_from_isr	16	static
../Core/Src/robot.c:1466:12:time_func_circle	40	static
